Archive member included to satisfy reference by file (symbol)

c:/stm32_tools/stm32cubeide_1.5.1/stm32cubeide/plugins/com.st.stm32cube.ide.mcu.externaltools.gnu-tools-for-stm32.9-2020-q2-update.win32_1.5.0.202011040924/tools/bin/../lib/gcc/arm-none-eabi/9.3.1/../../../../arm-none-eabi/lib/thumb/v7e-m+fp/hard\libstdc++_nano.a(del_ops.o)
                              Core/Src/RCrate.o (operator delete(void*, unsigned int))
c:/stm32_tools/stm32cubeide_1.5.1/stm32cubeide/plugins/com.st.stm32cube.ide.mcu.externaltools.gnu-tools-for-stm32.9-2020-q2-update.win32_1.5.0.202011040924/tools/bin/../lib/gcc/arm-none-eabi/9.3.1/../../../../arm-none-eabi/lib/thumb/v7e-m+fp/hard\libstdc++_nano.a(del_op.o)
                              c:/stm32_tools/stm32cubeide_1.5.1/stm32cubeide/plugins/com.st.stm32cube.ide.mcu.externaltools.gnu-tools-for-stm32.9-2020-q2-update.win32_1.5.0.202011040924/tools/bin/../lib/gcc/arm-none-eabi/9.3.1/../../../../arm-none-eabi/lib/thumb/v7e-m+fp/hard\libstdc++_nano.a(del_ops.o) (operator delete(void*))
c:/stm32_tools/stm32cubeide_1.5.1/stm32cubeide/plugins/com.st.stm32cube.ide.mcu.externaltools.gnu-tools-for-stm32.9-2020-q2-update.win32_1.5.0.202011040924/tools/bin/../lib/gcc/arm-none-eabi/9.3.1/../../../../arm-none-eabi/lib/thumb/v7e-m+fp/hard\libm.a(lib_a-s_sin.o)
                              Core/Src/angle_calculation.o (sin)
c:/stm32_tools/stm32cubeide_1.5.1/stm32cubeide/plugins/com.st.stm32cube.ide.mcu.externaltools.gnu-tools-for-stm32.9-2020-q2-update.win32_1.5.0.202011040924/tools/bin/../lib/gcc/arm-none-eabi/9.3.1/../../../../arm-none-eabi/lib/thumb/v7e-m+fp/hard\libm.a(lib_a-sf_cos.o)
                              Core/Src/filter.o (cosf)
c:/stm32_tools/stm32cubeide_1.5.1/stm32cubeide/plugins/com.st.stm32cube.ide.mcu.externaltools.gnu-tools-for-stm32.9-2020-q2-update.win32_1.5.0.202011040924/tools/bin/../lib/gcc/arm-none-eabi/9.3.1/../../../../arm-none-eabi/lib/thumb/v7e-m+fp/hard\libm.a(lib_a-sf_sin.o)
                              Core/Src/filter.o (sinf)
c:/stm32_tools/stm32cubeide_1.5.1/stm32cubeide/plugins/com.st.stm32cube.ide.mcu.externaltools.gnu-tools-for-stm32.9-2020-q2-update.win32_1.5.0.202011040924/tools/bin/../lib/gcc/arm-none-eabi/9.3.1/../../../../arm-none-eabi/lib/thumb/v7e-m+fp/hard\libm.a(lib_a-w_asin.o)
                              Core/Src/angle_calculation.o (asin)
c:/stm32_tools/stm32cubeide_1.5.1/stm32cubeide/plugins/com.st.stm32cube.ide.mcu.externaltools.gnu-tools-for-stm32.9-2020-q2-update.win32_1.5.0.202011040924/tools/bin/../lib/gcc/arm-none-eabi/9.3.1/../../../../arm-none-eabi/lib/thumb/v7e-m+fp/hard\libm.a(lib_a-w_sqrt.o)
                              Core/Src/angle_calculation.o (sqrt)
c:/stm32_tools/stm32cubeide_1.5.1/stm32cubeide/plugins/com.st.stm32cube.ide.mcu.externaltools.gnu-tools-for-stm32.9-2020-q2-update.win32_1.5.0.202011040924/tools/bin/../lib/gcc/arm-none-eabi/9.3.1/../../../../arm-none-eabi/lib/thumb/v7e-m+fp/hard\libm.a(lib_a-e_asin.o)
                              c:/stm32_tools/stm32cubeide_1.5.1/stm32cubeide/plugins/com.st.stm32cube.ide.mcu.externaltools.gnu-tools-for-stm32.9-2020-q2-update.win32_1.5.0.202011040924/tools/bin/../lib/gcc/arm-none-eabi/9.3.1/../../../../arm-none-eabi/lib/thumb/v7e-m+fp/hard\libm.a(lib_a-w_asin.o) (__ieee754_asin)
c:/stm32_tools/stm32cubeide_1.5.1/stm32cubeide/plugins/com.st.stm32cube.ide.mcu.externaltools.gnu-tools-for-stm32.9-2020-q2-update.win32_1.5.0.202011040924/tools/bin/../lib/gcc/arm-none-eabi/9.3.1/../../../../arm-none-eabi/lib/thumb/v7e-m+fp/hard\libm.a(lib_a-e_rem_pio2.o)
                              c:/stm32_tools/stm32cubeide_1.5.1/stm32cubeide/plugins/com.st.stm32cube.ide.mcu.externaltools.gnu-tools-for-stm32.9-2020-q2-update.win32_1.5.0.202011040924/tools/bin/../lib/gcc/arm-none-eabi/9.3.1/../../../../arm-none-eabi/lib/thumb/v7e-m+fp/hard\libm.a(lib_a-s_sin.o) (__ieee754_rem_pio2)
c:/stm32_tools/stm32cubeide_1.5.1/stm32cubeide/plugins/com.st.stm32cube.ide.mcu.externaltools.gnu-tools-for-stm32.9-2020-q2-update.win32_1.5.0.202011040924/tools/bin/../lib/gcc/arm-none-eabi/9.3.1/../../../../arm-none-eabi/lib/thumb/v7e-m+fp/hard\libm.a(lib_a-e_sqrt.o)
                              c:/stm32_tools/stm32cubeide_1.5.1/stm32cubeide/plugins/com.st.stm32cube.ide.mcu.externaltools.gnu-tools-for-stm32.9-2020-q2-update.win32_1.5.0.202011040924/tools/bin/../lib/gcc/arm-none-eabi/9.3.1/../../../../arm-none-eabi/lib/thumb/v7e-m+fp/hard\libm.a(lib_a-w_sqrt.o) (__ieee754_sqrt)
c:/stm32_tools/stm32cubeide_1.5.1/stm32cubeide/plugins/com.st.stm32cube.ide.mcu.externaltools.gnu-tools-for-stm32.9-2020-q2-update.win32_1.5.0.202011040924/tools/bin/../lib/gcc/arm-none-eabi/9.3.1/../../../../arm-none-eabi/lib/thumb/v7e-m+fp/hard\libm.a(lib_a-ef_rem_pio2.o)
[...]
Memory Configuration

Name             Origin             Length             Attributes
CCMRAM           0x0000000010000000 0x0000000000002000 xrw
RAM              0x0000000020000000 0x000000000000a000 xrw
FLASH            0x0000000008000000 0x0000000000040000 xr
*default*        0x0000000000000000 0xffffffffffffffff

Linker script and memory map

LOAD c:/stm32_tools/stm32cubeide_1.5.1/stm32cubeide/plugins/com.st.stm32cube.ide.mcu.externaltools.gnu-tools-for-stm32.9-2020-q2-update.win32_1.5.0.202011040924/tools/bin/../lib/gcc/arm-none-eabi/9.3.1/thumb/v7e-m+fp/hard/crti.o
LOAD c:/stm32_tools/stm32cubeide_1.5.1/stm32cubeide/plugins/com.st.stm32cube.ide.mcu.externaltools.gnu-tools-for-stm32.9-2020-q2-update.win32_1.5.0.202011040924/tools/bin/../lib/gcc/arm-none-eabi/9.3.1/thumb/v7e-m+fp/hard/crtbegin.o
LOAD c:/stm32_tools/stm32cubeide_1.5.1/stm32cubeide/plugins/com.st.stm32cube.ide.mcu.externaltools.gnu-tools-for-stm32.9-2020-q2-update.win32_1.5.0.202011040924/tools/bin/../lib/gcc/arm-none-eabi/9.3.1/../../../../arm-none-eabi/lib/thumb/v7e-m+fp/hard/crt0.o
LOAD Core/Src/IC_ISR.o
LOAD Core/Src/RCrate.o
LOAD Core/Src/alarms.o
LOAD Core/Src/angle_calculation.o
LOAD Core/Src/arming.o
LOAD Core/Src/filter.o
LOAD Core/Src/main.o
LOAD Core/Src/mpu6050.o
LOAD Core/Src/pid.o
LOAD Core/Src/stm32f3xx_hal_msp.o
LOAD Core/Src/stm32f3xx_it.o
LOAD Core/Src/syscalls.o
LOAD Core/Src/sysmem.o
LOAD Core/Src/system_stm32f3xx.o
LOAD Core/Src/w25qxx.o
LOAD Core/Startup/startup_stm32f303cctx.o
LOAD Drivers/STM32F3xx_HAL_Driver/Src/stm32f3xx_hal.o
LOAD Drivers/STM32F3xx_HAL_Driver/Src/stm32f3xx_hal_adc.o
LOAD Drivers/STM32F3xx_HAL_Driver/Src/stm32f3xx_hal_adc_ex.o
LOAD Drivers/STM32F3xx_HAL_Driver/Src/stm32f3xx_hal_cortex.o
LOAD Drivers/STM32F3xx_HAL_Driver/Src/stm32f3xx_hal_dma.o
LOAD Drivers/STM32F3xx_HAL_Driver/Src/stm32f3xx_hal_exti.o
LOAD Drivers/STM32F3xx_HAL_Driver/Src/stm32f3xx_hal_flash.o
LOAD Drivers/STM32F3xx_HAL_Driver/Src/stm32f3xx_hal_flash_ex.o
LOAD Drivers/STM32F3xx_HAL_Driver/Src/stm32f3xx_hal_gpio.o
LOAD Drivers/STM32F3xx_HAL_Driver/Src/stm32f3xx_hal_i2c.o
LOAD Drivers/STM32F3xx_HAL_Driver/Src/stm32f3xx_hal_i2c_ex.o
LOAD Drivers/STM32F3xx_HAL_Driver/Src/stm32f3xx_hal_pwr.o
LOAD Drivers/STM32F3xx_HAL_Driver/Src/stm32f3xx_hal_pwr_ex.o
LOAD Drivers/STM32F3xx_HAL_Driver/Src/stm32f3xx_hal_rcc.o
LOAD Drivers/STM32F3xx_HAL_Driver/Src/stm32f3xx_hal_rcc_ex.o
LOAD Drivers/STM32F3xx_HAL_Driver/Src/stm32f3xx_hal_spi.o
LOAD Drivers/STM32F3xx_HAL_Driver/Src/stm32f3xx_hal_spi_ex.o
LOAD Drivers/STM32F3xx_HAL_Driver/Src/stm32f3xx_hal_tim.o
LOAD Drivers/STM32F3xx_HAL_Driver/Src/stm32f3xx_hal_tim_ex.o
LOAD Drivers/STM32F3xx_HAL_Driver/Src/stm32f3xx_hal_uart.o
LOAD Drivers/STM32F3xx_HAL_Driver/Src/stm32f3xx_hal_uart_ex.o
START GROUP
LOAD c:/stm32_tools/stm32cubeide_1.5.1/stm32cubeide/plugins/com.st.stm32cube.ide.mcu.externaltools.gnu-tools-for-stm32.9-2020-q2-update.win32_1.5.0.202011040924/tools/bin/../lib/gcc/arm-none-eabi/9.3.1/../../../../arm-none-eabi/lib/thumb/v7e-m+fp/hard\libstdc++_nano.a
LOAD c:/stm32_tools/stm32cubeide_1.5.1/stm32cubeide/plugins/com.st.stm32cube.ide.mcu.externaltools.gnu-tools-for-stm32.9-2020-q2-update.win32_1.5.0.202011040924/tools/bin/../lib/gcc/arm-none-eabi/9.3.1/../../../../arm-none-eabi/lib/thumb/v7e-m+fp/hard\libsupc++_nano.a
END GROUP
LOAD c:/stm32_tools/stm32cubeide_1.5.1/stm32cubeide/plugins/com.st.stm32cube.ide.mcu.externaltools.gnu-tools-for-stm32.9-2020-q2-update.win32_1.5.0.202011040924/tools/bin/../lib/gcc/arm-none-eabi/9.3.1/../../../../arm-none-eabi/lib/thumb/v7e-m+fp/hard\libstdc++_nano.a
LOAD c:/stm32_tools/stm32cubeide_1.5.1/stm32cubeide/plugins/com.st.stm32cube.ide.mcu.externaltools.gnu-tools-for-stm32.9-2020-q2-update.win32_1.5.0.202011040924/tools/bin/../lib/gcc/arm-none-eabi/9.3.1/../../../../arm-none-eabi/lib/thumb/v7e-m+fp/hard\libm.a
LOAD c:/stm32_tools/stm32cubeide_1.5.1/stm32cubeide/plugins/com.st.stm32cube.ide.mcu.externaltools.gnu-tools-for-stm32.9-2020-q2-update.win32_1.5.0.202011040924/tools/bin/../lib/gcc/arm-none-eabi/9.3.1/../../../../arm-none-eabi/lib/thumb/v7e-m+fp/hard\libc_nano.a
START GROUP
LOAD c:/stm32_tools/stm32cubeide_1.5.1/stm32cubeide/plugins/com.st.stm32cube.ide.mcu.externaltools.gnu-tools-for-stm32.9-2020-q2-update.win32_1.5.0.202011040924/tools/bin/../lib/gcc/arm-none-eabi/9.3.1/thumb/v7e-m+fp/hard\libgcc.a
LOAD c:/stm32_tools/stm32cubeide_1.5.1/stm32cubeide/plugins/com.st.stm32cube.ide.mcu.externaltools.gnu-tools-for-stm32.9-2020-q2-update.win32_1.5.0.202011040924/tools/bin/../lib/gcc/arm-none-eabi/9.3.1/../../../../arm-none-eabi/lib/thumb/v7e-m+fp/hard\libc_nano.a
END GROUP
START GROUP
LOAD c:/stm32_tools/stm32cubeide_1.5.1/stm32cubeide/plugins/com.st.stm32cube.ide.mcu.externaltools.gnu-tools-for-stm32.9-2020-q2-update.win32_1.5.0.202011040924/tools/bin/../lib/gcc/arm-none-eabi/9.3.1/thumb/v7e-m+fp/hard\libgcc.a
LOAD c:/stm32_tools/stm32cubeide_1.5.1/stm32cubeide/plugins/com.st.stm32cube.ide.mcu.externaltools.gnu-tools-for-stm32.9-2020-q2-update.win32_1.5.0.202011040924/tools/bin/../lib/gcc/arm-none-eabi/9.3.1/../../../../arm-none-eabi/lib/thumb/v7e-m+fp/hard\libc_nano.a
LOAD c:/stm32_tools/stm32cubeide_1.5.1/stm32cubeide/plugins/com.st.stm32cube.ide.mcu.externaltools.gnu-tools-for-stm32.9-2020-q2-update.win32_1.5.0.202011040924/tools/bin/../lib/gcc/arm-none-eabi/9.3.1/../../../../arm-none-eabi/lib/thumb/v7e-m+fp/hard\libnosys.a
END GROUP
START GROUP
LOAD c:/stm32_tools/stm32cubeide_1.5.1/stm32cubeide/plugins/com.st.stm32cube.ide.mcu.externaltools.gnu-tools-for-stm32.9-2020-q2-update.win32_1.5.0.202011040924/tools/bin/../lib/gcc/arm-none-eabi/9.3.1/thumb/v7e-m+fp/hard\libgcc.a
LOAD c:/stm32_tools/stm32cubeide_1.5.1/stm32cubeide/plugins/com.st.stm32cube.ide.mcu.externaltools.gnu-tools-for-stm32.9-2020-q2-update.win32_1.5.0.202011040924/tools/bin/../lib/gcc/arm-none-eabi/9.3.1/../../../../arm-none-eabi/lib/thumb/v7e-m+fp/hard\libc_nano.a
LOAD c:/stm32_tools/stm32cubeide_1.5.1/stm32cubeide/plugins/com.st.stm32cube.ide.mcu.externaltools.gnu-tools-for-stm32.9-2020-q2-update.win32_1.5.0.202011040924/tools/bin/../lib/gcc/arm-none-eabi/9.3.1/../../../../arm-none-eabi/lib/thumb/v7e-m+fp/hard\libnosys.a
END GROUP
LOAD c:/stm32_tools/stm32cubeide_1.5.1/stm32cubeide/plugins/com.st.stm32cube.ide.mcu.externaltools.gnu-tools-for-stm32.9-2020-q2-update.win32_1.5.0.202011040924/tools/bin/../lib/gcc/arm-none-eabi/9.3.1/thumb/v7e-m+fp/hard/crtend.o
LOAD c:/stm32_tools/stm32cubeide_1.5.1/stm32cubeide/plugins/com.st.stm32cube.ide.mcu.externaltools.gnu-tools-for-stm32.9-2020-q2-update.win32_1.5.0.202011040924/tools/bin/../lib/gcc/arm-none-eabi/9.3.1/thumb/v7e-m+fp/hard/crtn.o
                0x000000002000a000                _estack = (ORIGIN (RAM) + LENGTH (RAM))
                0x0000000000000200                _Min_Heap_Size = 0x200
                0x0000000000000400                _Min_Stack_Size = 0x400

.isr_vector     0x0000000008000000      0x188
                0x0000000008000000                . = ALIGN (0x4)
 *(.isr_vector)
 .isr_vector    0x0000000008000000      0x188 Core/Startup/startup_stm32f303cctx.o
                0x0000000008000000                g_pfnVectors
                0x0000000008000188                . = ALIGN (0x4)

.text           0x0000000008000190     0xf148
                0x0000000008000190                . = ALIGN (0x4)
 *(.text)
 .text          0x0000000008000190       0x40 c:/stm32_tools/stm32cubeide_1.5.1/stm32cubeide/plugins/com.st.stm32cube.ide.mcu.externaltools.gnu-tools-for-stm32.9-2020-q2-update.win32_1.5.0.202011040924/tools/bin/../lib/gcc/arm-none-eabi/9.3.1/thumb/v7e-m+fp/hard/crtbegin.o
 .text          0x00000000080001d0       0x10 c:/stm32_tools/stm32cubeide_1.5.1/stm32cubeide/plugins/com.st.stm32cube.ide.mcu.externaltools.gnu-tools-for-stm32.9-2020-q2-update.win32_1.5.0.202011040924/tools/bin/../lib/gcc/arm-none-eabi/9.3.1/../../../../arm-none-eabi/lib/thumb/v7e-m+fp/hard\libc_nano.a(lib_a-strlen.o)
                0x00000000080001d0                strlen
 .text          0x00000000080001e0       0xa0 c:/stm32_tools/stm32cubeide_1.5.1/stm32cubeide/plugins/com.st.stm32cube.ide.mcu.externaltools.gnu-tools-for-stm32.9-2020-q2-update.win32_1.5.0.202011040924/tools/bin/../lib/gcc/arm-none-eabi/9.3.1/../../../../arm-none-eabi/lib/thumb/v7e-m+fp/hard\libc_nano.a(lib_a-memchr.o)
                0x00000000080001e0                memchr
 .text          0x0000000008000280      0x378 c:/stm32_tools/stm32cubeide_1.5.1/stm32cubeide/plugins/com.st.stm32cube.ide.mcu.externaltools.gnu-tools-for-stm32.9-2020-q2-update.win32_1.5.0.202011040924/tools/bin/../lib/gcc/arm-none-eabi/9.3.1/thumb/v7e-m+fp/hard\libgcc.a(_arm_addsubdf3.o)
                0x0000000008000280                __aeabi_drsub
                0x0000000008000288                __aeabi_dsub
                0x0000000008000288                __subdf3
                0x000000000800028c                __aeabi_dadd
                0x000000000800028c                __adddf3
                0x0000000008000504                __floatunsidf
                0x0000000008000504                __aeabi_ui2d
                0x0000000008000524                __floatsidf
                0x0000000008000524                __aeabi_i2d
                0x0000000008000548                __aeabi_f2d
                0x0000000008000548                __extendsfdf2
                0x000000000800058c                __floatundidf
                0x000000000800058c                __aeabi_ul2d
                0x000000000800059c                __floatdidf
                0x000000000800059c                __aeabi_l2d
 .text          0x00000000080005f8      0x424 c:/stm32_tools/stm32cubeide_1.5.1/stm32cubeide/plugins/com.st.stm32cube.ide.mcu.externaltools.gnu-tools-for-stm32.9-2020-q2-update.win32_1.5.0.202011040924/tools/bin/../lib/gcc/arm-none-eabi/9.3.1/thumb/v7e-m+fp/hard\libgcc.a(_arm_muldivdf3.o)
                0x00000000080005f8                __aeabi_dmul
                0x00000000080005f8                __muldf3
                0x000000000800084c                __divdf3
                0x000000000800084c                __aeabi_ddiv
 .text          0x0000000008000a1c      0x110 c:/stm32_tools/stm32cubeide_1.5.1/stm32cubeide/plugins/com.st.stm32cube.ide.mcu.externaltools.gnu-tools-for-stm32.9-2020-q2-update.win32_1.5.0.202011040924/tools/bin/../lib/gcc/arm-none-eabi/9.3.1/thumb/v7e-m+fp/hard\libgcc.a(_arm_cmpdf2.o)
                0x0000000008000a1c                __gtdf2
                0x0000000008000a1c                __gedf2
                0x0000000008000a24                __ltdf2
                0x0000000008000a24                __ledf2
                0x0000000008000a2c                __nedf2
                0x0000000008000a2c                __eqdf2
                0x0000000008000a2c                __cmpdf2
                0x0000000008000aa8                __aeabi_cdrcmple
                0x0000000008000ab8                __aeabi_cdcmpeq
                0x0000000008000ab8                __aeabi_cdcmple
                0x0000000008000ac8                __aeabi_dcmpeq
                0x0000000008000adc                __aeabi_dcmplt
                0x0000000008000af0                __aeabi_dcmple
                0x0000000008000b04                __aeabi_dcmpge
                0x0000000008000b18                __aeabi_dcmpgt
 .text          0x0000000008000b2c       0x2c c:/stm32_tools/stm32cubeide_1.5.1/stm32cubeide/plugins/com.st.stm32cube.ide.mcu.externaltools.gnu-tools-for-stm32.9-2020-q2-update.win32_1.5.0.202011040924/tools/bin/../lib/gcc/arm-none-eabi/9.3.1/thumb/v7e-m+fp/hard\libgcc.a(_arm_unorddf2.o)
                0x0000000008000b2c                __unorddf2
                0x0000000008000b2c                __aeabi_dcmpun
 .text          0x0000000008000b58       0x50 c:/stm32_tools/stm32cubeide_1.5.1/stm32cubeide/plugins/com.st.stm32cube.ide.mcu.externaltools.gnu-tools-for-stm32.9-2020-q2-update.win32_1.5.0.202011040924/tools/bin/../lib/gcc/arm-none-eabi/9.3.1/thumb/v7e-m+fp/hard\libgcc.a(_arm_fixdfsi.o)
                0x0000000008000b58                __aeabi_d2iz
                0x0000000008000b58                __fixdfsi
 .text          0x0000000008000ba8       0x40 c:/stm32_tools/stm32cubeide_1.5.1/stm32cubeide/plugins/com.st.stm32cube.ide.mcu.externaltools.gnu-tools-for-stm32.9-2020-q2-update.win32_1.5.0.202011040924/tools/bin/../lib/gcc/arm-none-eabi/9.3.1/thumb/v7e-m+fp/hard\libgcc.a(_arm_fixunsdfsi.o)
                0x0000000008000ba8                __aeabi_d2uiz
                0x0000000008000ba8                __fixunsdfsi
 .text          0x0000000008000be8       0xa0 c:/stm32_tools/stm32cubeide_1.5.1/stm32cubeide/plugins/com.st.stm32cube.ide.mcu.externaltools.gnu-tools-for-stm32.9-2020-q2-update.win32_1.5.0.202011040924/tools/bin/../lib/gcc/arm-none-eabi/9.3.1/thumb/v7e-m+fp/hard\libgcc.a(_arm_truncdfsf2.o)
                0x0000000008000be8                __truncdfsf2
                0x0000000008000be8                __aeabi_d2f
 *(.text*)
 .text.HAL_TIM_IC_CaptureCallback
                0x0000000008000c88      0x1c0 Core/Src/IC_ISR.o
                0x0000000008000c88                HAL_TIM_IC_CaptureCallback
 .text.throttle_ch
                0x0000000008000e48       0x18 Core/Src/IC_ISR.o
                0x0000000008000e48                throttle_ch
 .text.roll_ch  0x0000000008000e60       0x18 Core/Src/IC_ISR.o
                0x0000000008000e60                roll_ch
 .text.pitch_ch
                0x0000000008000e78       0x18 Core/Src/IC_ISR.o
                0x0000000008000e78                pitch_ch
 .text.yaw_ch   0x0000000008000e90       0x18 Core/Src/IC_ISR.o
                0x0000000008000e90                yaw_ch
 .text.F_mode_ch
                0x0000000008000ea8       0x18 Core/Src/IC_ISR.o
                0x0000000008000ea8                F_mode_ch
 .text.PID_select_ch
                0x0000000008000ec0       0x18 Core/Src/IC_ISR.o
                0x0000000008000ec0                PID_select_ch
 .text.PID_change_ch
                0x0000000008000ed8       0x18 Core/Src/IC_ISR.o
                0x0000000008000ed8                PID_change_ch
 .text.PWM_ESC_tim_setup
                0x0000000008000ef0       0xc4 Core/Src/IC_ISR.o
                0x0000000008000ef0                PWM_ESC_tim_setup
 .text._ZN7RC_rateD2Ev
                0x0000000008000fb4       0x20 Core/Src/RCrate.o
                0x0000000008000fb4                RC_rate::~RC_rate()
                0x0000000008000fb4                RC_rate::~RC_rate()
 .text._ZN7RC_rateD0Ev
                0x0000000008000fd4       0x20 Core/Src/RCrate.o
                0x0000000008000fd4                RC_rate::~RC_rate()
 .text._ZN7RC_rateC2Efff
                0x0000000008000ff4       0x40 Core/Src/RCrate.o
                0x0000000008000ff4                RC_rate::RC_rate(float, float, float)
                0x0000000008000ff4                RC_rate::RC_rate(float, float, float)
 .text._ZN7RC_rate14RC_rate_manualEs
                0x0000000008001034       0x70 Core/Src/RCrate.o
                0x0000000008001034                RC_rate::RC_rate_manual(short)
 .text._ZN7RC_rate11set_Level_PEf
                0x00000000080010a4       0x1e Core/Src/RCrate.o
                0x00000000080010a4                RC_rate::set_Level_P(float)
 .text._ZN7RC_rate11get_Level_PEv
                0x00000000080010c2       0x1e Core/Src/RCrate.o
                0x00000000080010c2                RC_rate::get_Level_P()
 .text._ZN7RC_rate12set_MaxAngleEf
                0x00000000080010e0       0x1e Core/Src/RCrate.o
                0x00000000080010e0                RC_rate::set_MaxAngle(float)
 .text._ZN7RC_rate12get_MaxAngleEv
                0x00000000080010fe       0x1e Core/Src/RCrate.o
                0x00000000080010fe                RC_rate::get_MaxAngle()
 .text._ZN7RC_rate11set_RC_rateEf
                0x000000000800111c       0x1e Core/Src/RCrate.o
                0x000000000800111c                RC_rate::set_RC_rate(float)
 .text._ZN7RC_rate11get_RC_rateEv
                0x000000000800113a       0x1e Core/Src/RCrate.o
                0x000000000800113a                RC_rate::get_RC_rate()
 .text.error_signal
                0x0000000008001158       0xb0 Core/Src/alarms.o
                0x0000000008001158                error_signal
 .text.flight_mode_signal
                0x0000000008001208       0xb0 Core/Src/alarms.o
                0x0000000008001208                flight_mode_signal
 .text.buzzer_signal
                0x00000000080012b8       0xc8 Core/Src/alarms.o
                0x00000000080012b8                buzzer_signal
 .text.calc_angles
                0x0000000008001380      0x3d0 Core/Src/angle_calculation.o
                0x0000000008001380                calc_angles
 .text.get_roll_angle
                0x0000000008001750       0x1c Core/Src/angle_calculation.o
                0x0000000008001750                get_roll_angle
 .text.get_pitch_angle
                0x000000000800176c       0x1c Core/Src/angle_calculation.o
                0x000000000800176c                get_pitch_angle
 .text.get_roll_angle_half
                0x0000000008001788       0x1c Core/Src/angle_calculation.o
                0x0000000008001788                get_roll_angle_half
 .text.get_pitch_angle_half
                0x00000000080017a4       0x1c Core/Src/angle_calculation.o
                0x00000000080017a4                get_pitch_angle_half
 .text.control_motors
                0x00000000080017c0       0xac Core/Src/arming.o
                0x00000000080017c0                control_motors
 .text.start_speed
                0x000000000800186c       0x18 Core/Src/arming.o
                0x000000000800186c                start_speed
 .text.armed_s  0x0000000008001884       0x18 Core/Src/arming.o
                0x0000000008001884                armed_s
 .text._ZSt3cosf
                0x000000000800189c       0x20 Core/Src/filter.o
                0x000000000800189c                std::cos(float)
 .text._ZSt3sinf
                0x00000000080018bc       0x20 Core/Src/filter.o
                0x00000000080018bc                std::sin(float)
 .text._ZN6filterD2Ev
                0x00000000080018dc       0x20 Core/Src/filter.o
                0x00000000080018dc                filter::~filter()
                0x00000000080018dc                filter::~filter()
 .text._ZN6filterD0Ev
                0x00000000080018fc       0x20 Core/Src/filter.o
                0x00000000080018fc                filter::~filter()
 *fill*         0x000000000800191c        0x4 
 .text._ZN6filterC2Eff
                0x0000000008001920      0x200 Core/Src/filter.o
                0x0000000008001920                filter::filter(float, float)
                0x0000000008001920                filter::filter(float, float)
 .text._ZN6filter13Biquad_filterEf
                0x0000000008001b20       0x9a Core/Src/filter.o
                0x0000000008001b20                filter::Biquad_filter(float)
 .text._ZN6filter10Pt1_filterEf
                0x0000000008001bba       0x4a Core/Src/filter.o
                0x0000000008001bba                filter::Pt1_filter(float)
 *fill*         0x0000000008001c04        0x4 
 .text.main     0x0000000008001c08     0x198c Core/Src/main.o
                0x0000000008001c08                main
 .text._Z18SystemClock_Configv
                0x0000000008003594       0xda Core/Src/main.o
                0x0000000008003594                SystemClock_Config()
 *fill*         0x000000000800366e        0x2 
 .text._ZL12MX_ADC2_Initv
                0x0000000008003670       0xd0 Core/Src/main.o
 .text._ZL12MX_I2C1_Initv
                0x0000000008003740       0x9c Core/Src/main.o
 .text._ZL12MX_SPI2_Initv
                0x00000000080037dc       0x84 Core/Src/main.o
 .text._ZL12MX_TIM2_Initv
                0x0000000008003860       0xc4 Core/Src/main.o
 .text._ZL12MX_TIM4_Initv
                0x0000000008003924      0x174 Core/Src/main.o
 .text._ZL13MX_TIM16_Initv
                0x0000000008003a98      0x12c Core/Src/main.o
 .text._ZL13MX_TIM17_Initv
                0x0000000008003bc4      0x12c Core/Src/main.o
 .text._ZL19MX_USART2_UART_Initv
                0x0000000008003cf0       0x68 Core/Src/main.o
 .text._ZL12MX_GPIO_Initv
                0x0000000008003d58      0x114 Core/Src/main.o
 .text.Error_Handler
                0x0000000008003e6c        0xe Core/Src/main.o
                0x0000000008003e6c                Error_Handler
 *fill*         0x0000000008003e7a        0x2 
 .text._Z41__static_initialization_and_destruction_0ii
                0x0000000008003e7c      0x1f8 Core/Src/main.o
 .text._GLOBAL__sub_I_hspi2
                0x0000000008004074       0x10 Core/Src/main.o
 .text._GLOBAL__sub_D_hspi2
                0x0000000008004084       0x10 Core/Src/main.o
 .text.MPU6050_Init
                0x0000000008004094       0xb0 Core/Src/mpu6050.o
                0x0000000008004094                MPU6050_Init
 .text.MPU6050_calib_Gyro
                0x0000000008004144      0x118 Core/Src/mpu6050.o
                0x0000000008004144                MPU6050_calib_Gyro
 .text.MPU6050_Read_Gyro
                0x000000000800425c       0xfc Core/Src/mpu6050.o
                0x000000000800425c                MPU6050_Read_Gyro
 .text.MPU6050_Read_Accel
                0x0000000008004358       0xd4 Core/Src/mpu6050.o
                0x0000000008004358                MPU6050_Read_Accel
 .text.gyro_X   0x000000000800442c       0x1c Core/Src/mpu6050.o
                0x000000000800442c                gyro_X
 .text.gyro_Y   0x0000000008004448       0x1c Core/Src/mpu6050.o
                0x0000000008004448                gyro_Y
 .text.gyro_Z   0x0000000008004464       0x1c Core/Src/mpu6050.o
                0x0000000008004464                gyro_Z
 .text.accel_X  0x0000000008004480       0x1c Core/Src/mpu6050.o
                0x0000000008004480                accel_X
 .text.accel_Y  0x000000000800449c       0x1c Core/Src/mpu6050.o
                0x000000000800449c                accel_Y
 .text.accel_Z  0x00000000080044b8       0x1c Core/Src/mpu6050.o
                0x00000000080044b8                accel_Z
 .text._ZN3PidD2Ev
                0x00000000080044d4       0x20 Core/Src/pid.o
                0x00000000080044d4                Pid::~Pid()
                0x00000000080044d4                Pid::~Pid()
 .text._ZN3PidD0Ev
                0x00000000080044f4       0x20 Core/Src/pid.o
                0x00000000080044f4                Pid::~Pid()
 .text._ZN3PidC2Effff
                0x0000000008004514       0x58 Core/Src/pid.o
                0x0000000008004514                Pid::Pid(float, float, float, float)
                0x0000000008004514                Pid::Pid(float, float, float, float)
 .text._ZN3Pid9updatePIDEffffh
                0x000000000800456c      0x17c Core/Src/pid.o
                0x000000000800456c                Pid::updatePID(float, float, float, float, unsigned char)
 .text._ZN3Pid8resetPIDEv
                0x00000000080046e8       0x34 Core/Src/pid.o
                0x00000000080046e8                Pid::resetPID()
 .text._ZN3Pid4setPEf
                0x000000000800471c       0x1e Core/Src/pid.o
                0x000000000800471c                Pid::setP(float)
 .text._ZN3Pid4setIEf
                0x000000000800473a       0x1e Core/Src/pid.o
                0x000000000800473a                Pid::setI(float)
 .text._ZN3Pid4setDEf
                0x0000000008004758       0x1e Core/Src/pid.o
                0x0000000008004758                Pid::setD(float)
 .text._ZN3Pid8getErrorEv
                0x0000000008004776       0x1e Core/Src/pid.o
                0x0000000008004776                Pid::getError()
 .text._ZN3Pid4getPEv
                0x0000000008004794       0x1e Core/Src/pid.o
                0x0000000008004794                Pid::getP()
 .text._ZN3Pid4getIEv
                0x00000000080047b2       0x1e Core/Src/pid.o
                0x00000000080047b2                Pid::getI()
 .text._ZN3Pid4getDEv
                0x00000000080047d0       0x1e Core/Src/pid.o
                0x00000000080047d0                Pid::getD()
 .text._ZN3Pid9getP_partEv
                0x00000000080047ee       0x1e Core/Src/pid.o
                0x00000000080047ee                Pid::getP_part()
 .text._ZN3Pid9getI_partEv
                0x000000000800480c       0x1e Core/Src/pid.o
                0x000000000800480c                Pid::getI_part()
 .text._ZN3Pid9getD_partEv
                0x000000000800482a       0x1e Core/Src/pid.o
                0x000000000800482a                Pid::getD_part()
 .text._ZN3Pid10get_PIDsumEv
                0x0000000008004848       0x1e Core/Src/pid.o
                0x0000000008004848                Pid::get_PIDsum()
 .text._ZN3Pid8getDtermEv
                0x0000000008004866       0x1e Core/Src/pid.o
                0x0000000008004866                Pid::getDterm()
 .text.HAL_MspInit
                0x0000000008004884       0x48 Core/Src/stm32f3xx_hal_msp.o
                0x0000000008004884                HAL_MspInit
 .text.HAL_ADC_MspInit
                0x00000000080048cc       0x7c Core/Src/stm32f3xx_hal_msp.o
                0x00000000080048cc                HAL_ADC_MspInit
 .text.HAL_I2C_MspInit
                0x0000000008004948       0x88 Core/Src/stm32f3xx_hal_msp.o
                0x0000000008004948                HAL_I2C_MspInit
 .text.HAL_SPI_MspInit
                0x00000000080049d0       0x88 Core/Src/stm32f3xx_hal_msp.o
                0x00000000080049d0                HAL_SPI_MspInit
 .text.HAL_TIM_IC_MspInit
                0x0000000008004a58       0x90 Core/Src/stm32f3xx_hal_msp.o
                0x0000000008004a58                HAL_TIM_IC_MspInit
 .text.HAL_TIM_OC_MspInit
                0x0000000008004ae8       0x40 Core/Src/stm32f3xx_hal_msp.o
                0x0000000008004ae8                HAL_TIM_OC_MspInit
 .text.HAL_TIM_Base_MspInit
                0x0000000008004b28       0x68 Core/Src/stm32f3xx_hal_msp.o
                0x0000000008004b28                HAL_TIM_Base_MspInit
 .text.HAL_TIM_MspPostInit
                0x0000000008004b90      0x140 Core/Src/stm32f3xx_hal_msp.o
                0x0000000008004b90                HAL_TIM_MspPostInit
 .text.HAL_UART_MspInit
                0x0000000008004cd0       0x84 Core/Src/stm32f3xx_hal_msp.o
                0x0000000008004cd0                HAL_UART_MspInit
 .text.NMI_Handler
                0x0000000008004d54        0xe Core/Src/stm32f3xx_it.o
                0x0000000008004d54                NMI_Handler
 .text.HardFault_Handler
                0x0000000008004d62        0x6 Core/Src/stm32f3xx_it.o
                0x0000000008004d62                HardFault_Handler
 .text.MemManage_Handler
                0x0000000008004d68        0x6 Core/Src/stm32f3xx_it.o
                0x0000000008004d68                MemManage_Handler
 .text.BusFault_Handler
                0x0000000008004d6e        0x6 Core/Src/stm32f3xx_it.o
                0x0000000008004d6e                BusFault_Handler
 .text.UsageFault_Handler
                0x0000000008004d74        0x6 Core/Src/stm32f3xx_it.o
                0x0000000008004d74                UsageFault_Handler
 .text.SVC_Handler
                0x0000000008004d7a        0xe Core/Src/stm32f3xx_it.o
                0x0000000008004d7a                SVC_Handler
 .text.DebugMon_Handler
                0x0000000008004d88        0xe Core/Src/stm32f3xx_it.o
                0x0000000008004d88                DebugMon_Handler
 .text.PendSV_Handler
                0x0000000008004d96        0xe Core/Src/stm32f3xx_it.o
                0x0000000008004d96                PendSV_Handler
 .text.SysTick_Handler
                0x0000000008004da4        0xc Core/Src/stm32f3xx_it.o
                0x0000000008004da4                SysTick_Handler
 .text.TIM2_IRQHandler
                0x0000000008004db0       0x14 Core/Src/stm32f3xx_it.o
                0x0000000008004db0                TIM2_IRQHandler
 .text._getpid  0x0000000008004dc4       0x10 Core/Src/syscalls.o
                0x0000000008004dc4                _getpid
 .text._kill    0x0000000008004dd4       0x20 Core/Src/syscalls.o
                0x0000000008004dd4                _kill
 .text._exit    0x0000000008004df4       0x14 Core/Src/syscalls.o
                0x0000000008004df4                _exit
 .text._read    0x0000000008004e08       0x3a Core/Src/syscalls.o
                0x0000000008004e08                _read
 .text._write   0x0000000008004e42       0x38 Core/Src/syscalls.o
                0x0000000008004e42                _write
 .text._close   0x0000000008004e7a       0x18 Core/Src/syscalls.o
                0x0000000008004e7a                _close
 .text._fstat   0x0000000008004e92       0x20 Core/Src/syscalls.o
                0x0000000008004e92                _fstat
 .text._isatty  0x0000000008004eb2       0x16 Core/Src/syscalls.o
                0x0000000008004eb2                _isatty
 .text._lseek   0x0000000008004ec8       0x1a Core/Src/syscalls.o
                0x0000000008004ec8                _lseek
 *fill*         0x0000000008004ee2        0x2 
 .text._sbrk    0x0000000008004ee4       0x58 Core/Src/sysmem.o
                0x0000000008004ee4                _sbrk
 .text.SystemInit
                0x0000000008004f3c       0x2c Core/Src/system_stm32f3xx.o
                0x0000000008004f3c                SystemInit
 .text.Reset_Handler
                0x0000000008004f68       0x50 Core/Startup/startup_stm32f303cctx.o
                0x0000000008004f68                Reset_Handler
 .text.Default_Handler
                0x0000000008004fb8        0x2 Core/Startup/startup_stm32f303cctx.o
                0x0000000008004fb8                RTC_Alarm_IRQHandler
                0x0000000008004fb8                TIM8_TRG_COM_IRQHandler
                0x0000000008004fb8                TIM8_CC_IRQHandler
                0x0000000008004fb8                TIM1_CC_IRQHandler
                0x0000000008004fb8                USB_HP_IRQHandler
                0x0000000008004fb8                PVD_IRQHandler
                0x0000000008004fb8                TAMP_STAMP_IRQHandler
                0x0000000008004fb8                EXTI3_IRQHandler
                0x0000000008004fb8                USB_HP_CAN_TX_IRQHandler
                0x0000000008004fb8                EXTI0_IRQHandler
                0x0000000008004fb8                I2C2_EV_IRQHandler
                0x0000000008004fb8                FPU_IRQHandler
                0x0000000008004fb8                TIM1_UP_TIM16_IRQHandler
                0x0000000008004fb8                ADC1_2_IRQHandler
                0x0000000008004fb8                SPI1_IRQHandler
                0x0000000008004fb8                CAN_SCE_IRQHandler
                0x0000000008004fb8                TIM6_DAC_IRQHandler
                0x0000000008004fb8                TIM8_UP_IRQHandler
                0x0000000008004fb8                DMA2_Channel2_IRQHandler
                0x0000000008004fb8                DMA1_Channel4_IRQHandler
                0x0000000008004fb8                USART3_IRQHandler
                0x0000000008004fb8                DMA1_Channel7_IRQHandler
                0x0000000008004fb8                UART5_IRQHandler
                0x0000000008004fb8                ADC3_IRQHandler
                0x0000000008004fb8                TIM4_IRQHandler
                0x0000000008004fb8                CAN_RX1_IRQHandler
                0x0000000008004fb8                DMA2_Channel1_IRQHandler
                0x0000000008004fb8                I2C1_EV_IRQHandler
                0x0000000008004fb8                DMA1_Channel6_IRQHandler
                0x0000000008004fb8                UART4_IRQHandler
                0x0000000008004fb8                DMA2_Channel4_IRQHandler
                0x0000000008004fb8                TIM3_IRQHandler
                0x0000000008004fb8                RCC_IRQHandler
                0x0000000008004fb8                DMA1_Channel1_IRQHandler
                0x0000000008004fb8                Default_Handler
                0x0000000008004fb8                USBWakeUp_RMP_IRQHandler
                0x0000000008004fb8                EXTI15_10_IRQHandler
                0x0000000008004fb8                TIM7_IRQHandler
                0x0000000008004fb8                EXTI9_5_IRQHandler
                0x0000000008004fb8                RTC_WKUP_IRQHandler
                0x0000000008004fb8                SPI2_IRQHandler
                0x0000000008004fb8                USB_LP_CAN_RX0_IRQHandler
                0x0000000008004fb8                DMA2_Channel5_IRQHandler
                0x0000000008004fb8                DMA1_Channel5_IRQHandler
                0x0000000008004fb8                USB_LP_IRQHandler
                0x0000000008004fb8                EXTI4_IRQHandler
                0x0000000008004fb8                TIM1_TRG_COM_TIM17_IRQHandler
                0x0000000008004fb8                DMA1_Channel3_IRQHandler
                0x0000000008004fb8                ADC4_IRQHandler
                0x0000000008004fb8                WWDG_IRQHandler
                0x0000000008004fb8                COMP7_IRQHandler
                0x0000000008004fb8                COMP1_2_3_IRQHandler
                0x0000000008004fb8                EXTI1_IRQHandler
                0x0000000008004fb8                USART2_IRQHandler
                0x0000000008004fb8                COMP4_5_6_IRQHandler
                0x0000000008004fb8                I2C2_ER_IRQHandler
                0x0000000008004fb8                DMA1_Channel2_IRQHandler
                0x0000000008004fb8                TIM8_BRK_IRQHandler
                0x0000000008004fb8                FLASH_IRQHandler
                0x0000000008004fb8                USART1_IRQHandler
                0x0000000008004fb8                SPI3_IRQHandler
                0x0000000008004fb8                I2C1_ER_IRQHandler
                0x0000000008004fb8                USBWakeUp_IRQHandler
                0x0000000008004fb8                DMA2_Channel3_IRQHandler
                0x0000000008004fb8                EXTI2_TSC_IRQHandler
                0x0000000008004fb8                TIM1_BRK_TIM15_IRQHandler
 *fill*         0x0000000008004fba        0x2 
 .text.HAL_Init
                0x0000000008004fbc       0x2c Drivers/STM32F3xx_HAL_Driver/Src/stm32f3xx_hal.o
                0x0000000008004fbc                HAL_Init
 .text.HAL_InitTick
                0x0000000008004fe8       0x60 Drivers/STM32F3xx_HAL_Driver/Src/stm32f3xx_hal.o
                0x0000000008004fe8                HAL_InitTick
 .text.HAL_IncTick
                0x0000000008005048       0x28 Drivers/STM32F3xx_HAL_Driver/Src/stm32f3xx_hal.o
                0x0000000008005048                HAL_IncTick
 .text.HAL_GetTick
                0x0000000008005070       0x18 Drivers/STM32F3xx_HAL_Driver/Src/stm32f3xx_hal.o
                0x0000000008005070                HAL_GetTick
 .text.HAL_Delay
                0x0000000008005088       0x48 Drivers/STM32F3xx_HAL_Driver/Src/stm32f3xx_hal.o
                0x0000000008005088                HAL_Delay
 .text.HAL_ADC_Init
                0x00000000080050d0      0x3c0 Drivers/STM32F3xx_HAL_Driver/Src/stm32f3xx_hal_adc_ex.o
                0x00000000080050d0                HAL_ADC_Init
 .text.HAL_ADC_Start
                0x0000000008005490      0x22c Drivers/STM32F3xx_HAL_Driver/Src/stm32f3xx_hal_adc_ex.o
                0x0000000008005490                HAL_ADC_Start
 .text.HAL_ADC_Stop
                0x00000000080056bc       0x6a Drivers/STM32F3xx_HAL_Driver/Src/stm32f3xx_hal_adc_ex.o
                0x00000000080056bc                HAL_ADC_Stop
 *fill*         0x0000000008005726        0x2 
 .text.HAL_ADC_PollForConversion
                0x0000000008005728      0x1f4 Drivers/STM32F3xx_HAL_Driver/Src/stm32f3xx_hal_adc_ex.o
                0x0000000008005728                HAL_ADC_PollForConversion
 .text.HAL_ADC_GetValue
                0x000000000800591c       0x1a Drivers/STM32F3xx_HAL_Driver/Src/stm32f3xx_hal_adc_ex.o
                0x000000000800591c                HAL_ADC_GetValue
 *fill*         0x0000000008005936        0x2 
 .text.HAL_ADC_ConfigChannel
                0x0000000008005938      0x5d8 Drivers/STM32F3xx_HAL_Driver/Src/stm32f3xx_hal_adc_ex.o
                0x0000000008005938                HAL_ADC_ConfigChannel
 .text.ADC_Enable
                0x0000000008005f10       0xbc Drivers/STM32F3xx_HAL_Driver/Src/stm32f3xx_hal_adc_ex.o
 .text.ADC_Disable
                0x0000000008005fcc       0xbe Drivers/STM32F3xx_HAL_Driver/Src/stm32f3xx_hal_adc_ex.o
 *fill*         0x000000000800608a        0x2 
 .text.ADC_ConversionStop
                0x000000000800608c      0x15c Drivers/STM32F3xx_HAL_Driver/Src/stm32f3xx_hal_adc_ex.o
 .text.__NVIC_SetPriorityGrouping
                0x00000000080061e8       0x48 Drivers/STM32F3xx_HAL_Driver/Src/stm32f3xx_hal_cortex.o
 .text.__NVIC_GetPriorityGrouping
                0x0000000008006230       0x1c Drivers/STM32F3xx_HAL_Driver/Src/stm32f3xx_hal_cortex.o
 .text.__NVIC_EnableIRQ
                0x000000000800624c       0x3c Drivers/STM32F3xx_HAL_Driver/Src/stm32f3xx_hal_cortex.o
 .text.__NVIC_SetPriority
                0x0000000008006288       0x54 Drivers/STM32F3xx_HAL_Driver/Src/stm32f3xx_hal_cortex.o
 .text.NVIC_EncodePriority
                0x00000000080062dc       0x66 Drivers/STM32F3xx_HAL_Driver/Src/stm32f3xx_hal_cortex.o
 *fill*         0x0000000008006342        0x2 
 .text.SysTick_Config
                0x0000000008006344       0x44 Drivers/STM32F3xx_HAL_Driver/Src/stm32f3xx_hal_cortex.o
 .text.HAL_NVIC_SetPriorityGrouping
                0x0000000008006388       0x16 Drivers/STM32F3xx_HAL_Driver/Src/stm32f3xx_hal_cortex.o
                0x0000000008006388                HAL_NVIC_SetPriorityGrouping
 .text.HAL_NVIC_SetPriority
                0x000000000800639e       0x38 Drivers/STM32F3xx_HAL_Driver/Src/stm32f3xx_hal_cortex.o
                0x000000000800639e                HAL_NVIC_SetPriority
 .text.HAL_NVIC_EnableIRQ
                0x00000000080063d6       0x1c Drivers/STM32F3xx_HAL_Driver/Src/stm32f3xx_hal_cortex.o
                0x00000000080063d6                HAL_NVIC_EnableIRQ
 .text.HAL_SYSTICK_Config
                0x00000000080063f2       0x18 Drivers/STM32F3xx_HAL_Driver/Src/stm32f3xx_hal_cortex.o
                0x00000000080063f2                HAL_SYSTICK_Config
 *fill*         0x000000000800640a        0x2 
 .text.HAL_GPIO_Init
                0x000000000800640c      0x2f4 Drivers/STM32F3xx_HAL_Driver/Src/stm32f3xx_hal_gpio.o
                0x000000000800640c                HAL_GPIO_Init
 .text.HAL_GPIO_WritePin
                0x0000000008006700       0x30 Drivers/STM32F3xx_HAL_Driver/Src/stm32f3xx_hal_gpio.o
                0x0000000008006700                HAL_GPIO_WritePin
 .text.HAL_GPIO_TogglePin
                0x0000000008006730       0x34 Drivers/STM32F3xx_HAL_Driver/Src/stm32f3xx_hal_gpio.o
                0x0000000008006730                HAL_GPIO_TogglePin
 .text.HAL_I2C_Init
                0x0000000008006764      0x11e Drivers/STM32F3xx_HAL_Driver/Src/stm32f3xx_hal_i2c.o
                0x0000000008006764                HAL_I2C_Init
 *fill*         0x0000000008006882        0x2 
 .text.HAL_I2C_Mem_Write
                0x0000000008006884      0x228 Drivers/STM32F3xx_HAL_Driver/Src/stm32f3xx_hal_i2c.o
                0x0000000008006884                HAL_I2C_Mem_Write
 .text.HAL_I2C_Mem_Read
                0x0000000008006aac      0x234 Drivers/STM32F3xx_HAL_Driver/Src/stm32f3xx_hal_i2c.o
                0x0000000008006aac                HAL_I2C_Mem_Read
 .text.HAL_I2C_IsDeviceReady
                0x0000000008006ce0      0x20e Drivers/STM32F3xx_HAL_Driver/Src/stm32f3xx_hal_i2c.o
                0x0000000008006ce0                HAL_I2C_IsDeviceReady
 *fill*         0x0000000008006eee        0x2 
 .text.I2C_RequestMemoryWrite
                0x0000000008006ef0       0xa8 Drivers/STM32F3xx_HAL_Driver/Src/stm32f3xx_hal_i2c.o
 .text.I2C_RequestMemoryRead
                0x0000000008006f98       0xa8 Drivers/STM32F3xx_HAL_Driver/Src/stm32f3xx_hal_i2c.o
 .text.I2C_Flush_TXDR
                0x0000000008007040       0x48 Drivers/STM32F3xx_HAL_Driver/Src/stm32f3xx_hal_i2c.o
 .text.I2C_WaitOnFlagUntilTimeout
                0x0000000008007088       0x80 Drivers/STM32F3xx_HAL_Driver/Src/stm32f3xx_hal_i2c.o
 .text.I2C_WaitOnTXISFlagUntilTimeout
                0x0000000008007108       0x80 Drivers/STM32F3xx_HAL_Driver/Src/stm32f3xx_hal_i2c.o
 .text.I2C_WaitOnSTOPFlagUntilTimeout
                0x0000000008007188       0x78 Drivers/STM32F3xx_HAL_Driver/Src/stm32f3xx_hal_i2c.o
 .text.I2C_IsAcknowledgeFailed
                0x0000000008007200       0xcc Drivers/STM32F3xx_HAL_Driver/Src/stm32f3xx_hal_i2c.o
 .text.I2C_TransferConfig
                0x00000000080072cc       0x5c Drivers/STM32F3xx_HAL_Driver/Src/stm32f3xx_hal_i2c.o
 .text.HAL_I2CEx_ConfigAnalogFilter
                0x0000000008007328       0x96 Drivers/STM32F3xx_HAL_Driver/Src/stm32f3xx_hal_i2c_ex.o
                0x0000000008007328                HAL_I2CEx_ConfigAnalogFilter
 .text.HAL_I2CEx_ConfigDigitalFilter
                0x00000000080073be       0x98 Drivers/STM32F3xx_HAL_Driver/Src/stm32f3xx_hal_i2c_ex.o
                0x00000000080073be                HAL_I2CEx_ConfigDigitalFilter
 *fill*         0x0000000008007456        0x2 
 .text.HAL_RCC_OscConfig
                0x0000000008007458      0xe10 Drivers/STM32F3xx_HAL_Driver/Src/stm32f3xx_hal_rcc.o
                0x0000000008007458                HAL_RCC_OscConfig
 .text.HAL_RCC_ClockConfig
                0x0000000008008268      0x2f8 Drivers/STM32F3xx_HAL_Driver/Src/stm32f3xx_hal_rcc.o
                0x0000000008008268                HAL_RCC_ClockConfig
 .text.HAL_RCC_GetSysClockFreq
                0x0000000008008560       0xd4 Drivers/STM32F3xx_HAL_Driver/Src/stm32f3xx_hal_rcc.o
                0x0000000008008560                HAL_RCC_GetSysClockFreq
 .text.HAL_RCC_GetHCLKFreq
                0x0000000008008634       0x18 Drivers/STM32F3xx_HAL_Driver/Src/stm32f3xx_hal_rcc.o
                0x0000000008008634                HAL_RCC_GetHCLKFreq
 .text.HAL_RCC_GetPCLK1Freq
                0x000000000800864c       0x44 Drivers/STM32F3xx_HAL_Driver/Src/stm32f3xx_hal_rcc.o
                0x000000000800864c                HAL_RCC_GetPCLK1Freq
 .text.HAL_RCC_GetPCLK2Freq
                0x0000000008008690       0x44 Drivers/STM32F3xx_HAL_Driver/Src/stm32f3xx_hal_rcc.o
                0x0000000008008690                HAL_RCC_GetPCLK2Freq
 .text.HAL_RCCEx_PeriphCLKConfig
                0x00000000080086d4      0x360 Drivers/STM32F3xx_HAL_Driver/Src/stm32f3xx_hal_rcc_ex.o
                0x00000000080086d4                HAL_RCCEx_PeriphCLKConfig
 .text.HAL_SPI_Init
                0x0000000008008a34      0x124 Drivers/STM32F3xx_HAL_Driver/Src/stm32f3xx_hal_spi.o
                0x0000000008008a34                HAL_SPI_Init
 .text.HAL_TIM_Base_Init
                0x0000000008008b58       0x56 Drivers/STM32F3xx_HAL_Driver/Src/stm32f3xx_hal_tim.o
                0x0000000008008b58                HAL_TIM_Base_Init
 .text.HAL_TIM_OC_Init
                0x0000000008008bae       0x56 Drivers/STM32F3xx_HAL_Driver/Src/stm32f3xx_hal_tim.o
                0x0000000008008bae                HAL_TIM_OC_Init
 .text.HAL_TIM_OC_Start
                0x0000000008008c04       0xb0 Drivers/STM32F3xx_HAL_Driver/Src/stm32f3xx_hal_tim.o
                0x0000000008008c04                HAL_TIM_OC_Start
 .text.HAL_TIM_IC_Init
                0x0000000008008cb4       0x56 Drivers/STM32F3xx_HAL_Driver/Src/stm32f3xx_hal_tim.o
                0x0000000008008cb4                HAL_TIM_IC_Init
 *fill*         0x0000000008008d0a        0x2 
 .text.HAL_TIM_IC_Start_IT
                0x0000000008008d0c       0xdc Drivers/STM32F3xx_HAL_Driver/Src/stm32f3xx_hal_tim.o
                0x0000000008008d0c                HAL_TIM_IC_Start_IT
 .text.HAL_TIM_IRQHandler
                0x0000000008008de8      0x23e Drivers/STM32F3xx_HAL_Driver/Src/stm32f3xx_hal_tim.o
                0x0000000008008de8                HAL_TIM_IRQHandler
 *fill*         0x0000000008009026        0x2 
 .text.HAL_TIM_OC_ConfigChannel
                0x0000000008009028       0xfc Drivers/STM32F3xx_HAL_Driver/Src/stm32f3xx_hal_tim.o
                0x0000000008009028                HAL_TIM_OC_ConfigChannel
 .text.HAL_TIM_IC_ConfigChannel
                0x0000000008009124      0x138 Drivers/STM32F3xx_HAL_Driver/Src/stm32f3xx_hal_tim.o
                0x0000000008009124                HAL_TIM_IC_ConfigChannel
 .text.HAL_TIM_ReadCapturedValue
                0x000000000800925c       0x88 Drivers/STM32F3xx_HAL_Driver/Src/stm32f3xx_hal_tim.o
                0x000000000800925c                HAL_TIM_ReadCapturedValue
 .text.HAL_TIM_PeriodElapsedCallback
                0x00000000080092e4       0x14 Drivers/STM32F3xx_HAL_Driver/Src/stm32f3xx_hal_tim.o
                0x00000000080092e4                HAL_TIM_PeriodElapsedCallback
 .text.HAL_TIM_OC_DelayElapsedCallback
                0x00000000080092f8       0x14 Drivers/STM32F3xx_HAL_Driver/Src/stm32f3xx_hal_tim.o
                0x00000000080092f8                HAL_TIM_OC_DelayElapsedCallback
 .text.HAL_TIM_PWM_PulseFinishedCallback
                0x000000000800930c       0x14 Drivers/STM32F3xx_HAL_Driver/Src/stm32f3xx_hal_tim.o
                0x000000000800930c                HAL_TIM_PWM_PulseFinishedCallback
 .text.HAL_TIM_TriggerCallback
                0x0000000008009320       0x14 Drivers/STM32F3xx_HAL_Driver/Src/stm32f3xx_hal_tim.o
                0x0000000008009320                HAL_TIM_TriggerCallback
 .text.TIM_Base_SetConfig
                0x0000000008009334      0x120 Drivers/STM32F3xx_HAL_Driver/Src/stm32f3xx_hal_tim.o
                0x0000000008009334                TIM_Base_SetConfig
 .text.TIM_OC1_SetConfig
                0x0000000008009454      0x120 Drivers/STM32F3xx_HAL_Driver/Src/stm32f3xx_hal_tim.o
 .text.TIM_OC2_SetConfig
                0x0000000008009574      0x114 Drivers/STM32F3xx_HAL_Driver/Src/stm32f3xx_hal_tim.o
                0x0000000008009574                TIM_OC2_SetConfig
 .text.TIM_OC3_SetConfig
                0x0000000008009688      0x110 Drivers/STM32F3xx_HAL_Driver/Src/stm32f3xx_hal_tim.o
 .text.TIM_OC4_SetConfig
                0x0000000008009798       0xd4 Drivers/STM32F3xx_HAL_Driver/Src/stm32f3xx_hal_tim.o
 .text.TIM_OC5_SetConfig
                0x000000000800986c       0xc8 Drivers/STM32F3xx_HAL_Driver/Src/stm32f3xx_hal_tim.o
 .text.TIM_OC6_SetConfig
                0x0000000008009934       0xcc Drivers/STM32F3xx_HAL_Driver/Src/stm32f3xx_hal_tim.o
 .text.TIM_TI1_SetConfig
                0x0000000008009a00       0xd0 Drivers/STM32F3xx_HAL_Driver/Src/stm32f3xx_hal_tim.o
                0x0000000008009a00                TIM_TI1_SetConfig
 .text.TIM_TI2_SetConfig
                0x0000000008009ad0       0x7a Drivers/STM32F3xx_HAL_Driver/Src/stm32f3xx_hal_tim.o
 .text.TIM_TI3_SetConfig
                0x0000000008009b4a       0x78 Drivers/STM32F3xx_HAL_Driver/Src/stm32f3xx_hal_tim.o
 .text.TIM_TI4_SetConfig
                0x0000000008009bc2       0x7a Drivers/STM32F3xx_HAL_Driver/Src/stm32f3xx_hal_tim.o
 .text.TIM_CCxChannelCmd
                0x0000000008009c3c       0x4a Drivers/STM32F3xx_HAL_Driver/Src/stm32f3xx_hal_tim.o
                0x0000000008009c3c                TIM_CCxChannelCmd
 *fill*         0x0000000008009c86        0x2 
 .text.HAL_TIMEx_MasterConfigSynchronization
                0x0000000008009c88      0x100 Drivers/STM32F3xx_HAL_Driver/Src/stm32f3xx_hal_tim_ex.o
                0x0000000008009c88                HAL_TIMEx_MasterConfigSynchronization
 .text.HAL_TIMEx_ConfigBreakDeadTime
                0x0000000008009d88       0xfc Drivers/STM32F3xx_HAL_Driver/Src/stm32f3xx_hal_tim_ex.o
                0x0000000008009d88                HAL_TIMEx_ConfigBreakDeadTime
 .text.HAL_TIMEx_CommutCallback
                0x0000000008009e84       0x14 Drivers/STM32F3xx_HAL_Driver/Src/stm32f3xx_hal_tim_ex.o
                0x0000000008009e84                HAL_TIMEx_CommutCallback
 .text.HAL_TIMEx_BreakCallback
                0x0000000008009e98       0x14 Drivers/STM32F3xx_HAL_Driver/Src/stm32f3xx_hal_tim_ex.o
                0x0000000008009e98                HAL_TIMEx_BreakCallback
 .text.HAL_TIMEx_Break2Callback
                0x0000000008009eac       0x14 Drivers/STM32F3xx_HAL_Driver/Src/stm32f3xx_hal_tim_ex.o
                0x0000000008009eac                HAL_TIMEx_Break2Callback
 .text.HAL_UART_Init
                0x0000000008009ec0       0x9c Drivers/STM32F3xx_HAL_Driver/Src/stm32f3xx_hal_uart.o
                0x0000000008009ec0                HAL_UART_Init
 .text.UART_SetConfig
                0x0000000008009f5c      0x43c Drivers/STM32F3xx_HAL_Driver/Src/stm32f3xx_hal_uart.o
                0x0000000008009f5c                UART_SetConfig
 .text.UART_AdvFeatureConfig
                0x000000000800a398      0x144 Drivers/STM32F3xx_HAL_Driver/Src/stm32f3xx_hal_uart.o
                0x000000000800a398                UART_AdvFeatureConfig
 .text.UART_CheckIdleState
                0x000000000800a4dc       0x8a Drivers/STM32F3xx_HAL_Driver/Src/stm32f3xx_hal_uart.o
                0x000000000800a4dc                UART_CheckIdleState
 .text.UART_WaitOnFlagUntilTimeout
                0x000000000800a566       0xf6 Drivers/STM32F3xx_HAL_Driver/Src/stm32f3xx_hal_uart.o
                0x000000000800a566                UART_WaitOnFlagUntilTimeout
 .text._ZdlPvj  0x000000000800a65c        0x4 c:/stm32_tools/stm32cubeide_1.5.1/stm32cubeide/plugins/com.st.stm32cube.ide.mcu.externaltools.gnu-tools-for-stm32.9-2020-q2-update.win32_1.5.0.202011040924/tools/bin/../lib/gcc/arm-none-eabi/9.3.1/../../../../arm-none-eabi/lib/thumb/v7e-m+fp/hard\libstdc++_nano.a(del_ops.o)
                0x000000000800a65c                operator delete(void*, unsigned int)
 .text._ZdlPv   0x000000000800a660        0x4 c:/stm32_tools/stm32cubeide_1.5.1/stm32cubeide/plugins/com.st.stm32cube.ide.mcu.externaltools.gnu-tools-for-stm32.9-2020-q2-update.win32_1.5.0.202011040924/tools/bin/../lib/gcc/arm-none-eabi/9.3.1/../../../../arm-none-eabi/lib/thumb/v7e-m+fp/hard\libstdc++_nano.a(del_op.o)
                0x000000000800a660                operator delete(void*)
 *fill*         0x000000000800a664        0x4 
 .text.sin      0x000000000800a668       0xa8 c:/stm32_tools/stm32cubeide_1.5.1/stm32cubeide/plugins/com.st.stm32cube.ide.mcu.externaltools.gnu-tools-for-stm32.9-2020-q2-update.win32_1.5.0.202011040924/tools/bin/../lib/gcc/arm-none-eabi/9.3.1/../../../../arm-none-eabi/lib/thumb/v7e-m+fp/hard\libm.a(lib_a-s_sin.o)
                0x000000000800a668                sin
 .text.cosf     0x000000000800a710       0x80 c:/stm32_tools/stm32cubeide_1.5.1/stm32cubeide/plugins/com.st.stm32cube.ide.mcu.externaltools.gnu-tools-for-stm32.9-2020-q2-update.win32_1.5.0.202011040924/tools/bin/../lib/gcc/arm-none-eabi/9.3.1/../../../../arm-none-eabi/lib/thumb/v7e-m+fp/hard\libm.a(lib_a-sf_cos.o)
                0x000000000800a710                cosf
 .text.sinf     0x000000000800a790       0x84 c:/stm32_tools/stm32cubeide_1.5.1/stm32cubeide/plugins/com.st.stm32cube.ide.mcu.externaltools.gnu-tools-for-stm32.9-2020-q2-update.win32_1.5.0.202011040924/tools/bin/../lib/gcc/arm-none-eabi/9.3.1/../../../../arm-none-eabi/lib/thumb/v7e-m+fp/hard\libm.a(lib_a-sf_sin.o)
                0x000000000800a790                sinf
 .text.asin     0x000000000800a814       0x74 c:/stm32_tools/stm32cubeide_1.5.1/stm32cubeide/plugins/com.st.stm32cube.ide.mcu.externaltools.gnu-tools-for-stm32.9-2020-q2-update.win32_1.5.0.202011040924/tools/bin/../lib/gcc/arm-none-eabi/9.3.1/../../../../arm-none-eabi/lib/thumb/v7e-m+fp/hard\libm.a(lib_a-w_asin.o)
                0x000000000800a814                asin
 .text.sqrt     0x000000000800a888       0x68 c:/stm32_tools/stm32cubeide_1.5.1/stm32cubeide/plugins/com.st.stm32cube.ide.mcu.externaltools.gnu-tools-for-stm32.9-2020-q2-update.win32_1.5.0.202011040924/tools/bin/../lib/gcc/arm-none-eabi/9.3.1/../../../../arm-none-eabi/lib/thumb/v7e-m+fp/hard\libm.a(lib_a-w_sqrt.o)
                0x000000000800a888                sqrt
 .text.__ieee754_asin
                0x000000000800a8f0      0x428 c:/stm32_tools/stm32cubeide_1.5.1/stm32cubeide/plugins/com.st.stm32cube.ide.mcu.externaltools.gnu-tools-for-stm32.9-2020-q2-update.win32_1.5.0.202011040924/tools/bin/../lib/gcc/arm-none-eabi/9.3.1/../../../../arm-none-eabi/lib/thumb/v7e-m+fp/hard\libm.a(lib_a-e_asin.o)
                0x000000000800a8f0                __ieee754_asin
 .text.__ieee754_rem_pio2
                0x000000000800ad18      0x414 c:/stm32_tools/stm32cubeide_1.5.1/stm32cubeide/plugins/com.st.stm32cube.ide.mcu.externaltools.gnu-tools-for-stm32.9-2020-q2-update.win32_1.5.0.202011040924/tools/bin/../lib/gcc/arm-none-eabi/9.3.1/../../../../arm-none-eabi/lib/thumb/v7e-m+fp/hard\libm.a(lib_a-e_rem_pio2.o)
                0x000000000800ad18                __ieee754_rem_pio2
 .text.__ieee754_sqrt
                0x000000000800b12c      0x168 c:/stm32_tools/stm32cubeide_1.5.1/stm32cubeide/plugins/com.st.stm32cube.ide.mcu.externaltools.gnu-tools-for-stm32.9-2020-q2-update.win32_1.5.0.202011040924/tools/bin/../lib/gcc/arm-none-eabi/9.3.1/../../../../arm-none-eabi/lib/thumb/v7e-m+fp/hard\libm.a(lib_a-e_sqrt.o)
                0x000000000800b12c                __ieee754_sqrt
 .text.__ieee754_rem_pio2f
                0x000000000800b294      0x278 c:/stm32_tools/stm32cubeide_1.5.1/stm32cubeide/plugins/com.st.stm32cube.ide.mcu.externaltools.gnu-tools-for-stm32.9-2020-q2-update.win32_1.5.0.202011040924/tools/bin/../lib/gcc/arm-none-eabi/9.3.1/../../../../arm-none-eabi/lib/thumb/v7e-m+fp/hard\libm.a(lib_a-ef_rem_pio2.o)
                0x000000000800b294                __ieee754_rem_pio2f
 *fill*         0x000000000800b50c        0x4 
 .text.__kernel_cos
                0x000000000800b510      0x18c c:/stm32_tools/stm32cubeide_1.5.1/stm32cubeide/plugins/com.st.stm32cube.ide.mcu.externaltools.gnu-tools-for-stm32.9-2020-q2-update.win32_1.5.0.202011040924/tools/bin/../lib/gcc/arm-none-eabi/9.3.1/../../../../arm-none-eabi/lib/thumb/v7e-m+fp/hard\libm.a(lib_a-k_cos.o)
                0x000000000800b510                __kernel_cos
 *fill*         0x000000000800b69c        0x4 
 .text.__kernel_rem_pio2
                0x000000000800b6a0      0x680 c:/stm32_tools/stm32cubeide_1.5.1/stm32cubeide/plugins/com.st.stm32cube.ide.mcu.externaltools.gnu-tools-for-stm32.9-2020-q2-update.win32_1.5.0.202011040924/tools/bin/../lib/gcc/arm-none-eabi/9.3.1/../../../../arm-none-eabi/lib/thumb/v7e-m+fp/hard\libm.a(lib_a-k_rem_pio2.o)
                0x000000000800b6a0                __kernel_rem_pio2
 .text.__kernel_sin
                0x000000000800bd20      0x17c c:/stm32_tools/stm32cubeide_1.5.1/stm32cubeide/plugins/com.st.stm32cube.ide.mcu.externaltools.gnu-tools-for-stm32.9-2020-q2-update.win32_1.5.0.202011040924/tools/bin/../lib/gcc/arm-none-eabi/9.3.1/../../../../arm-none-eabi/lib/thumb/v7e-m+fp/hard\libm.a(lib_a-k_sin.o)
                0x000000000800bd20                __kernel_sin
 .text.__kernel_cosf
                0x000000000800be9c       0xc0 c:/stm32_tools/stm32cubeide_1.5.1/stm32cubeide/plugins/com.st.stm32cube.ide.mcu.externaltools.gnu-tools-for-stm32.9-2020-q2-update.win32_1.5.0.202011040924/tools/bin/../lib/gcc/arm-none-eabi/9.3.1/../../../../arm-none-eabi/lib/thumb/v7e-m+fp/hard\libm.a(lib_a-kf_cos.o)
                0x000000000800be9c                __kernel_cosf
 .text.__kernel_rem_pio2f
                0x000000000800bf5c      0x514 c:/stm32_tools/stm32cubeide_1.5.1/stm32cubeide/plugins/com.st.stm32cube.ide.mcu.externaltools.gnu-tools-for-stm32.9-2020-q2-update.win32_1.5.0.202011040924/tools/bin/../lib/gcc/arm-none-eabi/9.3.1/../../../../arm-none-eabi/lib/thumb/v7e-m+fp/hard\libm.a(lib_a-kf_rem_pio2.o)
                0x000000000800bf5c                __kernel_rem_pio2f
 .text.__kernel_sinf
                0x000000000800c470       0x90 c:/stm32_tools/stm32cubeide_1.5.1/stm32cubeide/plugins/com.st.stm32cube.ide.mcu.externaltools.gnu-tools-for-stm32.9-2020-q2-update.win32_1.5.0.202011040924/tools/bin/../lib/gcc/arm-none-eabi/9.3.1/../../../../arm-none-eabi/lib/thumb/v7e-m+fp/hard\libm.a(lib_a-kf_sin.o)
                0x000000000800c470                __kernel_sinf
 .text.fabs     0x000000000800c500       0x12 c:/stm32_tools/stm32cubeide_1.5.1/stm32cubeide/plugins/com.st.stm32cube.ide.mcu.externaltools.gnu-tools-for-stm32.9-2020-q2-update.win32_1.5.0.202011040924/tools/bin/../lib/gcc/arm-none-eabi/9.3.1/../../../../arm-none-eabi/lib/thumb/v7e-m+fp/hard\libm.a(lib_a-s_fabs.o)
                0x000000000800c500                fabs
 *fill*         0x000000000800c512        0x6 
 .text.floor    0x000000000800c518      0x100 c:/stm32_tools/stm32cubeide_1.5.1/stm32cubeide/plugins/com.st.stm32cube.ide.mcu.externaltools.gnu-tools-for-stm32.9-2020-q2-update.win32_1.5.0.202011040924/tools/bin/../lib/gcc/arm-none-eabi/9.3.1/../../../../arm-none-eabi/lib/thumb/v7e-m+fp/hard\libm.a(lib_a-s_floor.o)
                0x000000000800c518                floor
 .text.nan      0x000000000800c618       0x10 c:/stm32_tools/stm32cubeide_1.5.1/stm32cubeide/plugins/com.st.stm32cube.ide.mcu.externaltools.gnu-tools-for-stm32.9-2020-q2-update.win32_1.5.0.202011040924/tools/bin/../lib/gcc/arm-none-eabi/9.3.1/../../../../arm-none-eabi/lib/thumb/v7e-m+fp/hard\libm.a(lib_a-s_nan.o)
                0x000000000800c618                nan
 .text.scalbn   0x000000000800c628      0x10c c:/stm32_tools/stm32cubeide_1.5.1/stm32cubeide/plugins/com.st.stm32cube.ide.mcu.externaltools.gnu-tools-for-stm32.9-2020-q2-update.win32_1.5.0.202011040924/tools/bin/../lib/gcc/arm-none-eabi/9.3.1/../../../../arm-none-eabi/lib/thumb/v7e-m+fp/hard\libm.a(lib_a-s_scalbn.o)
                0x000000000800c628                scalbn
 .text.fabsf    0x000000000800c734        0xe c:/stm32_tools/stm32cubeide_1.5.1/stm32cubeide/plugins/com.st.stm32cube.ide.mcu.externaltools.gnu-tools-for-stm32.9-2020-q2-update.win32_1.5.0.202011040924/tools/bin/../lib/gcc/arm-none-eabi/9.3.1/../../../../arm-none-eabi/lib/thumb/v7e-m+fp/hard\libm.a(lib_a-sf_fabs.o)
                0x000000000800c734                fabsf
 *fill*         0x000000000800c742        0x2 
 .text.floorf   0x000000000800c744       0x84 c:/stm32_tools/stm32cubeide_1.5.1/stm32cubeide/plugins/com.st.stm32cube.ide.mcu.externaltools.gnu-tools-for-stm32.9-2020-q2-update.win32_1.5.0.202011040924/tools/bin/../lib/gcc/arm-none-eabi/9.3.1/../../../../arm-none-eabi/lib/thumb/v7e-m+fp/hard\libm.a(lib_a-sf_floor.o)
                0x000000000800c744                floorf
 .text.scalbnf  0x000000000800c7c8       0xe4 c:/stm32_tools/stm32cubeide_1.5.1/stm32cubeide/plugins/com.st.stm32cube.ide.mcu.externaltools.gnu-tools-for-stm32.9-2020-q2-update.win32_1.5.0.202011040924/tools/bin/../lib/gcc/arm-none-eabi/9.3.1/../../../../arm-none-eabi/lib/thumb/v7e-m+fp/hard\libm.a(lib_a-sf_scalbn.o)
                0x000000000800c7c8                scalbnf
 .text.__errno  0x000000000800c8ac        0xc c:/stm32_tools/stm32cubeide_1.5.1/stm32cubeide/plugins/com.st.stm32cube.ide.mcu.externaltools.gnu-tools-for-stm32.9-2020-q2-update.win32_1.5.0.202011040924/tools/bin/../lib/gcc/arm-none-eabi/9.3.1/../../../../arm-none-eabi/lib/thumb/v7e-m+fp/hard\libc_nano.a(lib_a-errno.o)
                0x000000000800c8ac                __errno
 .text.__libc_init_array
                0x000000000800c8b8       0x48 c:/stm32_tools/stm32cubeide_1.5.1/stm32cubeide/plugins/com.st.stm32cube.ide.mcu.externaltools.gnu-tools-for-stm32.9-2020-q2-update.win32_1.5.0.202011040924/tools/bin/../lib/gcc/arm-none-eabi/9.3.1/../../../../arm-none-eabi/lib/thumb/v7e-m+fp/hard\libc_nano.a(lib_a-init.o)
                0x000000000800c8b8                __libc_init_array
 .text.malloc   0x000000000800c900       0x10 c:/stm32_tools/stm32cubeide_1.5.1/stm32cubeide/plugins/com.st.stm32cube.ide.mcu.externaltools.gnu-tools-for-stm32.9-2020-q2-update.win32_1.5.0.202011040924/tools/bin/../lib/gcc/arm-none-eabi/9.3.1/../../../../arm-none-eabi/lib/thumb/v7e-m+fp/hard\libc_nano.a(lib_a-malloc.o)
                0x000000000800c900                malloc
 .text.free     0x000000000800c910       0x10 c:/stm32_tools/stm32cubeide_1.5.1/stm32cubeide/plugins/com.st.stm32cube.ide.mcu.externaltools.gnu-tools-for-stm32.9-2020-q2-update.win32_1.5.0.202011040924/tools/bin/../lib/gcc/arm-none-eabi/9.3.1/../../../../arm-none-eabi/lib/thumb/v7e-m+fp/hard\libc_nano.a(lib_a-malloc.o)
                0x000000000800c910                free
 .text.memset   0x000000000800c920       0x10 c:/stm32_tools/stm32cubeide_1.5.1/stm32cubeide/plugins/com.st.stm32cube.ide.mcu.externaltools.gnu-tools-for-stm32.9-2020-q2-update.win32_1.5.0.202011040924/tools/bin/../lib/gcc/arm-none-eabi/9.3.1/../../../../arm-none-eabi/lib/thumb/v7e-m+fp/hard\libc_nano.a(lib_a-memset.o)
                0x000000000800c920                memset
 .text._free_r  0x000000000800c930       0xa0 c:/stm32_tools/stm32cubeide_1.5.1/stm32cubeide/plugins/com.st.stm32cube.ide.mcu.externaltools.gnu-tools-for-stm32.9-2020-q2-update.win32_1.5.0.202011040924/tools/bin/../lib/gcc/arm-none-eabi/9.3.1/../../../../arm-none-eabi/lib/thumb/v7e-m+fp/hard\libc_nano.a(lib_a-nano-freer.o)
                0x000000000800c930                _free_r
 .text._malloc_r
                0x000000000800c9d0       0xb4 c:/stm32_tools/stm32cubeide_1.5.1/stm32cubeide/plugins/com.st.stm32cube.ide.mcu.externaltools.gnu-tools-for-stm32.9-2020-q2-update.win32_1.5.0.202011040924/tools/bin/../lib/gcc/arm-none-eabi/9.3.1/../../../../arm-none-eabi/lib/thumb/v7e-m+fp/hard\libc_nano.a(lib_a-nano-mallocr.o)
                0x000000000800c9d0                _malloc_r
 .text.__cvt    0x000000000800ca84       0xc4 c:/stm32_tools/stm32cubeide_1.5.1/stm32cubeide/plugins/com.st.stm32cube.ide.mcu.externaltools.gnu-tools-for-stm32.9-2020-q2-update.win32_1.5.0.202011040924/tools/bin/../lib/gcc/arm-none-eabi/9.3.1/../../../../arm-none-eabi/lib/thumb/v7e-m+fp/hard\libc_nano.a(lib_a-nano-vfprintf_float.o)
                0x000000000800ca84                __cvt
 .text.__exponent
                0x000000000800cb48       0x7c c:/stm32_tools/stm32cubeide_1.5.1/stm32cubeide/plugins/com.st.stm32cube.ide.mcu.externaltools.gnu-tools-for-stm32.9-2020-q2-update.win32_1.5.0.202011040924/tools/bin/../lib/gcc/arm-none-eabi/9.3.1/../../../../arm-none-eabi/lib/thumb/v7e-m+fp/hard\libc_nano.a(lib_a-nano-vfprintf_float.o)
                0x000000000800cb48                __exponent
 .text._printf_float
                0x000000000800cbc4      0x46c c:/stm32_tools/stm32cubeide_1.5.1/stm32cubeide/plugins/com.st.stm32cube.ide.mcu.externaltools.gnu-tools-for-stm32.9-2020-q2-update.win32_1.5.0.202011040924/tools/bin/../lib/gcc/arm-none-eabi/9.3.1/../../../../arm-none-eabi/lib/thumb/v7e-m+fp/hard\libc_nano.a(lib_a-nano-vfprintf_float.o)
                0x000000000800cbc4                _printf_float
 .text._printf_common
                0x000000000800d030       0xda c:/stm32_tools/stm32cubeide_1.5.1/stm32cubeide/plugins/com.st.stm32cube.ide.mcu.externaltools.gnu-tools-for-stm32.9-2020-q2-update.win32_1.5.0.202011040924/tools/bin/../lib/gcc/arm-none-eabi/9.3.1/../../../../arm-none-eabi/lib/thumb/v7e-m+fp/hard\libc_nano.a(lib_a-nano-vfprintf_i.o)
                0x000000000800d030                _printf_common
 *fill*         0x000000000800d10a        0x2 
 .text._printf_i
                0x000000000800d10c      0x24c c:/stm32_tools/stm32cubeide_1.5.1/stm32cubeide/plugins/com.st.stm32cube.ide.mcu.externaltools.gnu-tools-for-stm32.9-2020-q2-update.win32_1.5.0.202011040924/tools/bin/../lib/gcc/arm-none-eabi/9.3.1/../../../../arm-none-eabi/lib/thumb/v7e-m+fp/hard\libc_nano.a(lib_a-nano-vfprintf_i.o)
                0x000000000800d10c                _printf_i
 .text._sbrk_r  0x000000000800d358       0x20 c:/stm32_tools/stm32cubeide_1.5.1/stm32cubeide/plugins/com.st.stm32cube.ide.mcu.externaltools.gnu-tools-for-stm32.9-2020-q2-update.win32_1.5.0.202011040924/tools/bin/../lib/gcc/arm-none-eabi/9.3.1/../../../../arm-none-eabi/lib/thumb/v7e-m+fp/hard\libc_nano.a(lib_a-sbrkr.o)
                0x000000000800d358                _sbrk_r
 .text.quorem   0x000000000800d378      0x116 c:/stm32_tools/stm32cubeide_1.5.1/stm32cubeide/plugins/com.st.stm32cube.ide.mcu.externaltools.gnu-tools-for-stm32.9-2020-q2-update.win32_1.5.0.202011040924/tools/bin/../lib/gcc/arm-none-eabi/9.3.1/../../../../arm-none-eabi/lib/thumb/v7e-m+fp/hard\libc_nano.a(lib_a-dtoa.o)
 *fill*         0x000000000800d48e        0x2 
 .text._dtoa_r  0x000000000800d490      0xbd8 c:/stm32_tools/stm32cubeide_1.5.1/stm32cubeide/plugins/com.st.stm32cube.ide.mcu.externaltools.gnu-tools-for-stm32.9-2020-q2-update.win32_1.5.0.202011040924/tools/bin/../lib/gcc/arm-none-eabi/9.3.1/../../../../arm-none-eabi/lib/thumb/v7e-m+fp/hard\libc_nano.a(lib_a-dtoa.o)
                0x000000000800d490                _dtoa_r
 .text._localeconv_r
                0x000000000800e068        0x8 c:/stm32_tools/stm32cubeide_1.5.1/stm32cubeide/plugins/com.st.stm32cube.ide.mcu.externaltools.gnu-tools-for-stm32.9-2020-q2-update.win32_1.5.0.202011040924/tools/bin/../lib/gcc/arm-none-eabi/9.3.1/../../../../arm-none-eabi/lib/thumb/v7e-m+fp/hard\libc_nano.a(lib_a-localeconv.o)
                0x000000000800e068                _localeconv_r
 .text.memcpy   0x000000000800e070       0x1c c:/stm32_tools/stm32cubeide_1.5.1/stm32cubeide/plugins/com.st.stm32cube.ide.mcu.externaltools.gnu-tools-for-stm32.9-2020-q2-update.win32_1.5.0.202011040924/tools/bin/../lib/gcc/arm-none-eabi/9.3.1/../../../../arm-none-eabi/lib/thumb/v7e-m+fp/hard\libc_nano.a(lib_a-memcpy-stub.o)
                0x000000000800e070                memcpy
 .text.__malloc_lock
                0x000000000800e08c        0xc c:/stm32_tools/stm32cubeide_1.5.1/stm32cubeide/plugins/com.st.stm32cube.ide.mcu.externaltools.gnu-tools-for-stm32.9-2020-q2-update.win32_1.5.0.202011040924/tools/bin/../lib/gcc/arm-none-eabi/9.3.1/../../../../arm-none-eabi/lib/thumb/v7e-m+fp/hard\libc_nano.a(lib_a-mlock.o)
                0x000000000800e08c                __malloc_lock
 .text.__malloc_unlock
                0x000000000800e098        0xc c:/stm32_tools/stm32cubeide_1.5.1/stm32cubeide/plugins/com.st.stm32cube.ide.mcu.externaltools.gnu-tools-for-stm32.9-2020-q2-update.win32_1.5.0.202011040924/tools/bin/../lib/gcc/arm-none-eabi/9.3.1/../../../../arm-none-eabi/lib/thumb/v7e-m+fp/hard\libc_nano.a(lib_a-mlock.o)
                0x000000000800e098                __malloc_unlock
 .text._Balloc  0x000000000800e0a4       0x80 c:/stm32_tools/stm32cubeide_1.5.1/stm32cubeide/plugins/com.st.stm32cube.ide.mcu.externaltools.gnu-tools-for-stm32.9-2020-q2-update.win32_1.5.0.202011040924/tools/bin/../lib/gcc/arm-none-eabi/9.3.1/../../../../arm-none-eabi/lib/thumb/v7e-m+fp/hard\libc_nano.a(lib_a-mprec.o)
                0x000000000800e0a4                _Balloc
 .text._Bfree   0x000000000800e124       0x44 c:/stm32_tools/stm32cubeide_1.5.1/stm32cubeide/plugins/com.st.stm32cube.ide.mcu.externaltools.gnu-tools-for-stm32.9-2020-q2-update.win32_1.5.0.202011040924/tools/bin/../lib/gcc/arm-none-eabi/9.3.1/../../../../arm-none-eabi/lib/thumb/v7e-m+fp/hard\libc_nano.a(lib_a-mprec.o)
                0x000000000800e124                _Bfree
 .text.__multadd
                0x000000000800e168       0x94 c:/stm32_tools/stm32cubeide_1.5.1/stm32cubeide/plugins/com.st.stm32cube.ide.mcu.externaltools.gnu-tools-for-stm32.9-2020-q2-update.win32_1.5.0.202011040924/tools/bin/../lib/gcc/arm-none-eabi/9.3.1/../../../../arm-none-eabi/lib/thumb/v7e-m+fp/hard\libc_nano.a(lib_a-mprec.o)
                0x000000000800e168                __multadd
 .text.__hi0bits
                0x000000000800e1fc       0x40 c:/stm32_tools/stm32cubeide_1.5.1/stm32cubeide/plugins/com.st.stm32cube.ide.mcu.externaltools.gnu-tools-for-stm32.9-2020-q2-update.win32_1.5.0.202011040924/tools/bin/../lib/gcc/arm-none-eabi/9.3.1/../../../../arm-none-eabi/lib/thumb/v7e-m+fp/hard\libc_nano.a(lib_a-mprec.o)
                0x000000000800e1fc                __hi0bits
 .text.__lo0bits
                0x000000000800e23c       0x60 c:/stm32_tools/stm32cubeide_1.5.1/stm32cubeide/plugins/com.st.stm32cube.ide.mcu.externaltools.gnu-tools-for-stm32.9-2020-q2-update.win32_1.5.0.202011040924/tools/bin/../lib/gcc/arm-none-eabi/9.3.1/../../../../arm-none-eabi/lib/thumb/v7e-m+fp/hard\libc_nano.a(lib_a-mprec.o)
                0x000000000800e23c                __lo0bits
 .text.__i2b    0x000000000800e29c       0x2c c:/stm32_tools/stm32cubeide_1.5.1/stm32cubeide/plugins/com.st.stm32cube.ide.mcu.externaltools.gnu-tools-for-stm32.9-2020-q2-update.win32_1.5.0.202011040924/tools/bin/../lib/gcc/arm-none-eabi/9.3.1/../../../../arm-none-eabi/lib/thumb/v7e-m+fp/hard\libc_nano.a(lib_a-mprec.o)
                0x000000000800e29c                __i2b
 .text.__multiply
                0x000000000800e2c8      0x14c c:/stm32_tools/stm32cubeide_1.5.1/stm32cubeide/plugins/com.st.stm32cube.ide.mcu.externaltools.gnu-tools-for-stm32.9-2020-q2-update.win32_1.5.0.202011040924/tools/bin/../lib/gcc/arm-none-eabi/9.3.1/../../../../arm-none-eabi/lib/thumb/v7e-m+fp/hard\libc_nano.a(lib_a-mprec.o)
                0x000000000800e2c8                __multiply
 .text.__pow5mult
                0x000000000800e414       0xb4 c:/stm32_tools/stm32cubeide_1.5.1/stm32cubeide/plugins/com.st.stm32cube.ide.mcu.externaltools.gnu-tools-for-stm32.9-2020-q2-update.win32_1.5.0.202011040924/tools/bin/../lib/gcc/arm-none-eabi/9.3.1/../../../../arm-none-eabi/lib/thumb/v7e-m+fp/hard\libc_nano.a(lib_a-mprec.o)
                0x000000000800e414                __pow5mult
 .text.__lshift
                0x000000000800e4c8       0xd8 c:/stm32_tools/stm32cubeide_1.5.1/stm32cubeide/plugins/com.st.stm32cube.ide.mcu.externaltools.gnu-tools-for-stm32.9-2020-q2-update.win32_1.5.0.202011040924/tools/bin/../lib/gcc/arm-none-eabi/9.3.1/../../../../arm-none-eabi/lib/thumb/v7e-m+fp/hard\libc_nano.a(lib_a-mprec.o)
                0x000000000800e4c8                __lshift
 .text.__mcmp   0x000000000800e5a0       0x38 c:/stm32_tools/stm32cubeide_1.5.1/stm32cubeide/plugins/com.st.stm32cube.ide.mcu.externaltools.gnu-tools-for-stm32.9-2020-q2-update.win32_1.5.0.202011040924/tools/bin/../lib/gcc/arm-none-eabi/9.3.1/../../../../arm-none-eabi/lib/thumb/v7e-m+fp/hard\libc_nano.a(lib_a-mprec.o)
                0x000000000800e5a0                __mcmp
 .text.__mdiff  0x000000000800e5d8      0x110 c:/stm32_tools/stm32cubeide_1.5.1/stm32cubeide/plugins/com.st.stm32cube.ide.mcu.externaltools.gnu-tools-for-stm32.9-2020-q2-update.win32_1.5.0.202011040924/tools/bin/../lib/gcc/arm-none-eabi/9.3.1/../../../../arm-none-eabi/lib/thumb/v7e-m+fp/hard\libc_nano.a(lib_a-mprec.o)
                0x000000000800e5d8                __mdiff
 .text.__d2b    0x000000000800e6e8       0xb8 c:/stm32_tools/stm32cubeide_1.5.1/stm32cubeide/plugins/com.st.stm32cube.ide.mcu.externaltools.gnu-tools-for-stm32.9-2020-q2-update.win32_1.5.0.202011040924/tools/bin/../lib/gcc/arm-none-eabi/9.3.1/../../../../arm-none-eabi/lib/thumb/v7e-m+fp/hard\libc_nano.a(lib_a-mprec.o)
                0x000000000800e6e8                __d2b
 .text._calloc_r
                0x000000000800e7a0       0x1e c:/stm32_tools/stm32cubeide_1.5.1/stm32cubeide/plugins/com.st.stm32cube.ide.mcu.externaltools.gnu-tools-for-stm32.9-2020-q2-update.win32_1.5.0.202011040924/tools/bin/../lib/gcc/arm-none-eabi/9.3.1/../../../../arm-none-eabi/lib/thumb/v7e-m+fp/hard\libc_nano.a(lib_a-nano-callocr.o)
                0x000000000800e7a0                _calloc_r
 *fill*         0x000000000800e7be        0x2 
 .text.__assert_func
                0x000000000800e7c0       0x3c c:/stm32_tools/stm32cubeide_1.5.1/stm32cubeide/plugins/com.st.stm32cube.ide.mcu.externaltools.gnu-tools-for-stm32.9-2020-q2-update.win32_1.5.0.202011040924/tools/bin/../lib/gcc/arm-none-eabi/9.3.1/../../../../arm-none-eabi/lib/thumb/v7e-m+fp/hard\libc_nano.a(lib_a-assert.o)
                0x000000000800e7c0                __assert_func
 .text.fprintf  0x000000000800e7fc       0x24 c:/stm32_tools/stm32cubeide_1.5.1/stm32cubeide/plugins/com.st.stm32cube.ide.mcu.externaltools.gnu-tools-for-stm32.9-2020-q2-update.win32_1.5.0.202011040924/tools/bin/../lib/gcc/arm-none-eabi/9.3.1/../../../../arm-none-eabi/lib/thumb/v7e-m+fp/hard\libc_nano.a(lib_a-fprintf.o)
                0x000000000800e7fc                fiprintf
                0x000000000800e7fc                fprintf
 .text.__retarget_lock_init_recursive
                0x000000000800e820        0x2 c:/stm32_tools/stm32cubeide_1.5.1/stm32cubeide/plugins/com.st.stm32cube.ide.mcu.externaltools.gnu-tools-for-stm32.9-2020-q2-update.win32_1.5.0.202011040924/tools/bin/../lib/gcc/arm-none-eabi/9.3.1/../../../../arm-none-eabi/lib/thumb/v7e-m+fp/hard\libc_nano.a(lib_a-lock.o)
                0x000000000800e820                __retarget_lock_init_recursive
 .text.__retarget_lock_acquire_recursive
                0x000000000800e822        0x2 c:/stm32_tools/stm32cubeide_1.5.1/stm32cubeide/plugins/com.st.stm32cube.ide.mcu.externaltools.gnu-tools-for-stm32.9-2020-q2-update.win32_1.5.0.202011040924/tools/bin/../lib/gcc/arm-none-eabi/9.3.1/../../../../arm-none-eabi/lib/thumb/v7e-m+fp/hard\libc_nano.a(lib_a-lock.o)
                0x000000000800e822                __retarget_lock_acquire_recursive
 .text.__retarget_lock_release_recursive
                0x000000000800e824        0x2 c:/stm32_tools/stm32cubeide_1.5.1/stm32cubeide/plugins/com.st.stm32cube.ide.mcu.externaltools.gnu-tools-for-stm32.9-2020-q2-update.win32_1.5.0.202011040924/tools/bin/../lib/gcc/arm-none-eabi/9.3.1/../../../../arm-none-eabi/lib/thumb/v7e-m+fp/hard\libc_nano.a(lib_a-lock.o)
                0x000000000800e824                __retarget_lock_release_recursive
 .text.__ascii_mbtowc
                0x000000000800e826       0x24 c:/stm32_tools/stm32cubeide_1.5.1/stm32cubeide/plugins/com.st.stm32cube.ide.mcu.externaltools.gnu-tools-for-stm32.9-2020-q2-update.win32_1.5.0.202011040924/tools/bin/../lib/gcc/arm-none-eabi/9.3.1/../../../../arm-none-eabi/lib/thumb/v7e-m+fp/hard\libc_nano.a(lib_a-mbtowc_r.o)
                0x000000000800e826                __ascii_mbtowc
 .text.__sfputc_r
                0x000000000800e84a       0x2e c:/stm32_tools/stm32cubeide_1.5.1/stm32cubeide/plugins/com.st.stm32cube.ide.mcu.externaltools.gnu-tools-for-stm32.9-2020-q2-update.win32_1.5.0.202011040924/tools/bin/../lib/gcc/arm-none-eabi/9.3.1/../../../../arm-none-eabi/lib/thumb/v7e-m+fp/hard\libc_nano.a(lib_a-nano-vfprintf.o)
 .text.__sfputs_r
                0x000000000800e878       0x24 c:/stm32_tools/stm32cubeide_1.5.1/stm32cubeide/plugins/com.st.stm32cube.ide.mcu.externaltools.gnu-tools-for-stm32.9-2020-q2-update.win32_1.5.0.202011040924/tools/bin/../lib/gcc/arm-none-eabi/9.3.1/../../../../arm-none-eabi/lib/thumb/v7e-m+fp/hard\libc_nano.a(lib_a-nano-vfprintf.o)
                0x000000000800e878                __sfputs_r
 .text._vfprintf_r
                0x000000000800e89c      0x260 c:/stm32_tools/stm32cubeide_1.5.1/stm32cubeide/plugins/com.st.stm32cube.ide.mcu.externaltools.gnu-tools-for-stm32.9-2020-q2-update.win32_1.5.0.202011040924/tools/bin/../lib/gcc/arm-none-eabi/9.3.1/../../../../arm-none-eabi/lib/thumb/v7e-m+fp/hard\libc_nano.a(lib_a-nano-vfprintf.o)
                0x000000000800e89c                _vfprintf_r
                0x000000000800e89c                _vfiprintf_r
 .text.__swbuf_r
                0x000000000800eafc       0xa4 c:/stm32_tools/stm32cubeide_1.5.1/stm32cubeide/plugins/com.st.stm32cube.ide.mcu.externaltools.gnu-tools-for-stm32.9-2020-q2-update.win32_1.5.0.202011040924/tools/bin/../lib/gcc/arm-none-eabi/9.3.1/../../../../arm-none-eabi/lib/thumb/v7e-m+fp/hard\libc_nano.a(lib_a-wbuf.o)
                0x000000000800eafc                __swbuf_r
 .text.__ascii_wctomb
                0x000000000800eba0       0x1a c:/stm32_tools/stm32cubeide_1.5.1/stm32cubeide/plugins/com.st.stm32cube.ide.mcu.externaltools.gnu-tools-for-stm32.9-2020-q2-update.win32_1.5.0.202011040924/tools/bin/../lib/gcc/arm-none-eabi/9.3.1/../../../../arm-none-eabi/lib/thumb/v7e-m+fp/hard\libc_nano.a(lib_a-wctomb_r.o)
                0x000000000800eba0                __ascii_wctomb
 *fill*         0x000000000800ebba        0x2 
 .text.__swsetup_r
                0x000000000800ebbc       0xdc c:/stm32_tools/stm32cubeide_1.5.1/stm32cubeide/plugins/com.st.stm32cube.ide.mcu.externaltools.gnu-tools-for-stm32.9-2020-q2-update.win32_1.5.0.202011040924/tools/bin/../lib/gcc/arm-none-eabi/9.3.1/../../../../arm-none-eabi/lib/thumb/v7e-m+fp/hard\libc_nano.a(lib_a-wsetup.o)
                0x000000000800ebbc                __swsetup_r
 .text.abort    0x000000000800ec98        0xe c:/stm32_tools/stm32cubeide_1.5.1/stm32cubeide/plugins/com.st.stm32cube.ide.mcu.externaltools.gnu-tools-for-stm32.9-2020-q2-update.win32_1.5.0.202011040924/tools/bin/../lib/gcc/arm-none-eabi/9.3.1/../../../../arm-none-eabi/lib/thumb/v7e-m+fp/hard\libc_nano.a(lib_a-abort.o)
                0x000000000800ec98                abort
 *fill*         0x000000000800eca6        0x2 
 .text.__sflush_r
                0x000000000800eca8      0x10c c:/stm32_tools/stm32cubeide_1.5.1/stm32cubeide/plugins/com.st.stm32cube.ide.mcu.externaltools.gnu-tools-for-stm32.9-2020-q2-update.win32_1.5.0.202011040924/tools/bin/../lib/gcc/arm-none-eabi/9.3.1/../../../../arm-none-eabi/lib/thumb/v7e-m+fp/hard\libc_nano.a(lib_a-fflush.o)
                0x000000000800eca8                __sflush_r
 .text._fflush_r
                0x000000000800edb4       0x78 c:/stm32_tools/stm32cubeide_1.5.1/stm32cubeide/plugins/com.st.stm32cube.ide.mcu.externaltools.gnu-tools-for-stm32.9-2020-q2-update.win32_1.5.0.202011040924/tools/bin/../lib/gcc/arm-none-eabi/9.3.1/../../../../arm-none-eabi/lib/thumb/v7e-m+fp/hard\libc_nano.a(lib_a-fflush.o)
                0x000000000800edb4                _fflush_r
 .text.std      0x000000000800ee2c       0x48 c:/stm32_tools/stm32cubeide_1.5.1/stm32cubeide/plugins/com.st.stm32cube.ide.mcu.externaltools.gnu-tools-for-stm32.9-2020-q2-update.win32_1.5.0.202011040924/tools/bin/../lib/gcc/arm-none-eabi/9.3.1/../../../../arm-none-eabi/lib/thumb/v7e-m+fp/hard\libc_nano.a(lib_a-findfp.o)
 .text._cleanup_r
                0x000000000800ee74        0xc c:/stm32_tools/stm32cubeide_1.5.1/stm32cubeide/plugins/com.st.stm32cube.ide.mcu.externaltools.gnu-tools-for-stm32.9-2020-q2-update.win32_1.5.0.202011040924/tools/bin/../lib/gcc/arm-none-eabi/9.3.1/../../../../arm-none-eabi/lib/thumb/v7e-m+fp/hard\libc_nano.a(lib_a-findfp.o)
                0x000000000800ee74                _cleanup_r
 .text.__sfmoreglue
                0x000000000800ee80       0x2c c:/stm32_tools/stm32cubeide_1.5.1/stm32cubeide/plugins/com.st.stm32cube.ide.mcu.externaltools.gnu-tools-for-stm32.9-2020-q2-update.win32_1.5.0.202011040924/tools/bin/../lib/gcc/arm-none-eabi/9.3.1/../../../../arm-none-eabi/lib/thumb/v7e-m+fp/hard\libc_nano.a(lib_a-findfp.o)
                0x000000000800ee80                __sfmoreglue
 .text.__sfp_lock_acquire
                0x000000000800eeac        0xc c:/stm32_tools/stm32cubeide_1.5.1/stm32cubeide/plugins/com.st.stm32cube.ide.mcu.externaltools.gnu-tools-for-stm32.9-2020-q2-update.win32_1.5.0.202011040924/tools/bin/../lib/gcc/arm-none-eabi/9.3.1/../../../../arm-none-eabi/lib/thumb/v7e-m+fp/hard\libc_nano.a(lib_a-findfp.o)
                0x000000000800eeac                __sfp_lock_acquire
 .text.__sfp_lock_release
                0x000000000800eeb8        0xc c:/stm32_tools/stm32cubeide_1.5.1/stm32cubeide/plugins/com.st.stm32cube.ide.mcu.externaltools.gnu-tools-for-stm32.9-2020-q2-update.win32_1.5.0.202011040924/tools/bin/../lib/gcc/arm-none-eabi/9.3.1/../../../../arm-none-eabi/lib/thumb/v7e-m+fp/hard\libc_nano.a(lib_a-findfp.o)
                0x000000000800eeb8                __sfp_lock_release
 .text.__sinit_lock_acquire
                0x000000000800eec4        0xc c:/stm32_tools/stm32cubeide_1.5.1/stm32cubeide/plugins/com.st.stm32cube.ide.mcu.externaltools.gnu-tools-for-stm32.9-2020-q2-update.win32_1.5.0.202011040924/tools/bin/../lib/gcc/arm-none-eabi/9.3.1/../../../../arm-none-eabi/lib/thumb/v7e-m+fp/hard\libc_nano.a(lib_a-findfp.o)
                0x000000000800eec4                __sinit_lock_acquire
 .text.__sinit_lock_release
                0x000000000800eed0        0xc c:/stm32_tools/stm32cubeide_1.5.1/stm32cubeide/plugins/com.st.stm32cube.ide.mcu.externaltools.gnu-tools-for-stm32.9-2020-q2-update.win32_1.5.0.202011040924/tools/bin/../lib/gcc/arm-none-eabi/9.3.1/../../../../arm-none-eabi/lib/thumb/v7e-m+fp/hard\libc_nano.a(lib_a-findfp.o)
                0x000000000800eed0                __sinit_lock_release
 .text.__sinit  0x000000000800eedc       0x70 c:/stm32_tools/stm32cubeide_1.5.1/stm32cubeide/plugins/com.st.stm32cube.ide.mcu.externaltools.gnu-tools-for-stm32.9-2020-q2-update.win32_1.5.0.202011040924/tools/bin/../lib/gcc/arm-none-eabi/9.3.1/../../../../arm-none-eabi/lib/thumb/v7e-m+fp/hard\libc_nano.a(lib_a-findfp.o)
                0x000000000800eedc                __sinit
 .text.__sfp    0x000000000800ef4c       0x8c c:/stm32_tools/stm32cubeide_1.5.1/stm32cubeide/plugins/com.st.stm32cube.ide.mcu.externaltools.gnu-tools-for-stm32.9-2020-q2-update.win32_1.5.0.202011040924/tools/bin/../lib/gcc/arm-none-eabi/9.3.1/../../../../arm-none-eabi/lib/thumb/v7e-m+fp/hard\libc_nano.a(lib_a-findfp.o)
                0x000000000800ef4c                __sfp
 .text._fwalk_reent
                0x000000000800efd8       0x3e c:/stm32_tools/stm32cubeide_1.5.1/stm32cubeide/plugins/com.st.stm32cube.ide.mcu.externaltools.gnu-tools-for-stm32.9-2020-q2-update.win32_1.5.0.202011040924/tools/bin/../lib/gcc/arm-none-eabi/9.3.1/../../../../arm-none-eabi/lib/thumb/v7e-m+fp/hard\libc_nano.a(lib_a-fwalk.o)
                0x000000000800efd8                _fwalk_reent
 .text.__swhatbuf_r
                0x000000000800f016       0x48 c:/stm32_tools/stm32cubeide_1.5.1/stm32cubeide/plugins/com.st.stm32cube.ide.mcu.externaltools.gnu-tools-for-stm32.9-2020-q2-update.win32_1.5.0.202011040924/tools/bin/../lib/gcc/arm-none-eabi/9.3.1/../../../../arm-none-eabi/lib/thumb/v7e-m+fp/hard\libc_nano.a(lib_a-makebuf.o)
                0x000000000800f016                __swhatbuf_r
 *fill*         0x000000000800f05e        0x2 
 .text.__smakebuf_r
                0x000000000800f060       0x80 c:/stm32_tools/stm32cubeide_1.5.1/stm32cubeide/plugins/com.st.stm32cube.ide.mcu.externaltools.gnu-tools-for-stm32.9-2020-q2-update.win32_1.5.0.202011040924/tools/bin/../lib/gcc/arm-none-eabi/9.3.1/../../../../arm-none-eabi/lib/thumb/v7e-m+fp/hard\libc_nano.a(lib_a-makebuf.o)
                0x000000000800f060                __smakebuf_r
 .text._raise_r
                0x000000000800f0e0       0x50 c:/stm32_tools/stm32cubeide_1.5.1/stm32cubeide/plugins/com.st.stm32cube.ide.mcu.externaltools.gnu-tools-for-stm32.9-2020-q2-update.win32_1.5.0.202011040924/tools/bin/../lib/gcc/arm-none-eabi/9.3.1/../../../../arm-none-eabi/lib/thumb/v7e-m+fp/hard\libc_nano.a(lib_a-signal.o)
                0x000000000800f0e0                _raise_r
 .text.raise    0x000000000800f130       0x10 c:/stm32_tools/stm32cubeide_1.5.1/stm32cubeide/plugins/com.st.stm32cube.ide.mcu.externaltools.gnu-tools-for-stm32.9-2020-q2-update.win32_1.5.0.202011040924/tools/bin/../lib/gcc/arm-none-eabi/9.3.1/../../../../arm-none-eabi/lib/thumb/v7e-m+fp/hard\libc_nano.a(lib_a-signal.o)
                0x000000000800f130                raise
 .text._kill_r  0x000000000800f140       0x24 c:/stm32_tools/stm32cubeide_1.5.1/stm32cubeide/plugins/com.st.stm32cube.ide.mcu.externaltools.gnu-tools-for-stm32.9-2020-q2-update.win32_1.5.0.202011040924/tools/bin/../lib/gcc/arm-none-eabi/9.3.1/../../../../arm-none-eabi/lib/thumb/v7e-m+fp/hard\libc_nano.a(lib_a-signalr.o)
                0x000000000800f140                _kill_r
 .text._getpid_r
                0x000000000800f164        0x4 c:/stm32_tools/stm32cubeide_1.5.1/stm32cubeide/plugins/com.st.stm32cube.ide.mcu.externaltools.gnu-tools-for-stm32.9-2020-q2-update.win32_1.5.0.202011040924/tools/bin/../lib/gcc/arm-none-eabi/9.3.1/../../../../arm-none-eabi/lib/thumb/v7e-m+fp/hard\libc_nano.a(lib_a-signalr.o)
                0x000000000800f164                _getpid_r
 .text.__sread  0x000000000800f168       0x22 c:/stm32_tools/stm32cubeide_1.5.1/stm32cubeide/plugins/com.st.stm32cube.ide.mcu.externaltools.gnu-tools-for-stm32.9-2020-q2-update.win32_1.5.0.202011040924/tools/bin/../lib/gcc/arm-none-eabi/9.3.1/../../../../arm-none-eabi/lib/thumb/v7e-m+fp/hard\libc_nano.a(lib_a-stdio.o)
                0x000000000800f168                __sread
 .text.__swrite
                0x000000000800f18a       0x38 c:/stm32_tools/stm32cubeide_1.5.1/stm32cubeide/plugins/com.st.stm32cube.ide.mcu.externaltools.gnu-tools-for-stm32.9-2020-q2-update.win32_1.5.0.202011040924/tools/bin/../lib/gcc/arm-none-eabi/9.3.1/../../../../arm-none-eabi/lib/thumb/v7e-m+fp/hard\libc_nano.a(lib_a-stdio.o)
                0x000000000800f18a                __swrite
 .text.__sseek  0x000000000800f1c2       0x24 c:/stm32_tools/stm32cubeide_1.5.1/stm32cubeide/plugins/com.st.stm32cube.ide.mcu.externaltools.gnu-tools-for-stm32.9-2020-q2-update.win32_1.5.0.202011040924/tools/bin/../lib/gcc/arm-none-eabi/9.3.1/../../../../arm-none-eabi/lib/thumb/v7e-m+fp/hard\libc_nano.a(lib_a-stdio.o)
                0x000000000800f1c2                __sseek
 .text.__sclose
                0x000000000800f1e6        0x8 c:/stm32_tools/stm32cubeide_1.5.1/stm32cubeide/plugins/com.st.stm32cube.ide.mcu.externaltools.gnu-tools-for-stm32.9-2020-q2-update.win32_1.5.0.202011040924/tools/bin/../lib/gcc/arm-none-eabi/9.3.1/../../../../arm-none-eabi/lib/thumb/v7e-m+fp/hard\libc_nano.a(lib_a-stdio.o)
                0x000000000800f1e6                __sclose
 *fill*         0x000000000800f1ee        0x2 
 .text._write_r
                0x000000000800f1f0       0x24 c:/stm32_tools/stm32cubeide_1.5.1/stm32cubeide/plugins/com.st.stm32cube.ide.mcu.externaltools.gnu-tools-for-stm32.9-2020-q2-update.win32_1.5.0.202011040924/tools/bin/../lib/gcc/arm-none-eabi/9.3.1/../../../../arm-none-eabi/lib/thumb/v7e-m+fp/hard\libc_nano.a(lib_a-writer.o)
                0x000000000800f1f0                _write_r
 .text._close_r
                0x000000000800f214       0x20 c:/stm32_tools/stm32cubeide_1.5.1/stm32cubeide/plugins/com.st.stm32cube.ide.mcu.externaltools.gnu-tools-for-stm32.9-2020-q2-update.win32_1.5.0.202011040924/tools/bin/../lib/gcc/arm-none-eabi/9.3.1/../../../../arm-none-eabi/lib/thumb/v7e-m+fp/hard\libc_nano.a(lib_a-closer.o)
                0x000000000800f214                _close_r
 .text._fstat_r
                0x000000000800f234       0x24 c:/stm32_tools/stm32cubeide_1.5.1/stm32cubeide/plugins/com.st.stm32cube.ide.mcu.externaltools.gnu-tools-for-stm32.9-2020-q2-update.win32_1.5.0.202011040924/tools/bin/../lib/gcc/arm-none-eabi/9.3.1/../../../../arm-none-eabi/lib/thumb/v7e-m+fp/hard\libc_nano.a(lib_a-fstatr.o)
                0x000000000800f234                _fstat_r
 .text._isatty_r
                0x000000000800f258       0x20 c:/stm32_tools/stm32cubeide_1.5.1/stm32cubeide/plugins/com.st.stm32cube.ide.mcu.externaltools.gnu-tools-for-stm32.9-2020-q2-update.win32_1.5.0.202011040924/tools/bin/../lib/gcc/arm-none-eabi/9.3.1/../../../../arm-none-eabi/lib/thumb/v7e-m+fp/hard\libc_nano.a(lib_a-isattyr.o)
                0x000000000800f258                _isatty_r
 .text._lseek_r
                0x000000000800f278       0x24 c:/stm32_tools/stm32cubeide_1.5.1/stm32cubeide/plugins/com.st.stm32cube.ide.mcu.externaltools.gnu-tools-for-stm32.9-2020-q2-update.win32_1.5.0.202011040924/tools/bin/../lib/gcc/arm-none-eabi/9.3.1/../../../../arm-none-eabi/lib/thumb/v7e-m+fp/hard\libc_nano.a(lib_a-lseekr.o)
                0x000000000800f278                _lseek_r
 .text._read_r  0x000000000800f29c       0x24 c:/stm32_tools/stm32cubeide_1.5.1/stm32cubeide/plugins/com.st.stm32cube.ide.mcu.externaltools.gnu-tools-for-stm32.9-2020-q2-update.win32_1.5.0.202011040924/tools/bin/../lib/gcc/arm-none-eabi/9.3.1/../../../../arm-none-eabi/lib/thumb/v7e-m+fp/hard\libc_nano.a(lib_a-readr.o)
                0x000000000800f29c                _read_r
 *(.glue_7)
 .glue_7        0x000000000800f2c0        0x0 linker stubs
 *(.glue_7t)
 .glue_7t       0x000000000800f2c0        0x0 linker stubs
 *(.eh_frame)
 .eh_frame      0x000000000800f2c0        0x0 c:/stm32_tools/stm32cubeide_1.5.1/stm32cubeide/plugins/com.st.stm32cube.ide.mcu.externaltools.gnu-tools-for-stm32.9-2020-q2-update.win32_1.5.0.202011040924/tools/bin/../lib/gcc/arm-none-eabi/9.3.1/thumb/v7e-m+fp/hard/crtbegin.o
 *(.init)
 .init          0x000000000800f2c0        0x4 c:/stm32_tools/stm32cubeide_1.5.1/stm32cubeide/plugins/com.st.stm32cube.ide.mcu.externaltools.gnu-tools-for-stm32.9-2020-q2-update.win32_1.5.0.202011040924/tools/bin/../lib/gcc/arm-none-eabi/9.3.1/thumb/v7e-m+fp/hard/crti.o
                0x000000000800f2c0                _init
 .init          0x000000000800f2c4        0x8 c:/stm32_tools/stm32cubeide_1.5.1/stm32cubeide/plugins/com.st.stm32cube.ide.mcu.externaltools.gnu-tools-for-stm32.9-2020-q2-update.win32_1.5.0.202011040924/tools/bin/../lib/gcc/arm-none-eabi/9.3.1/thumb/v7e-m+fp/hard/crtn.o
 *(.fini)
 .fini          0x000000000800f2cc        0x4 c:/stm32_tools/stm32cubeide_1.5.1/stm32cubeide/plugins/com.st.stm32cube.ide.mcu.externaltools.gnu-tools-for-stm32.9-2020-q2-update.win32_1.5.0.202011040924/tools/bin/../lib/gcc/arm-none-eabi/9.3.1/thumb/v7e-m+fp/hard/crti.o
                0x000000000800f2cc                _fini
 .fini          0x000000000800f2d0        0x8 c:/stm32_tools/stm32cubeide_1.5.1/stm32cubeide/plugins/com.st.stm32cube.ide.mcu.externaltools.gnu-tools-for-stm32.9-2020-q2-update.win32_1.5.0.202011040924/tools/bin/../lib/gcc/arm-none-eabi/9.3.1/thumb/v7e-m+fp/hard/crtn.o
                0x000000000800f2d8                . = ALIGN (0x4)
                0x000000000800f2d8                _etext = .

.vfp11_veneer   0x000000000800f2d8        0x0
 .vfp11_veneer  0x000000000800f2d8        0x0 linker stubs

.v4_bx          0x000000000800f2d8        0x0
 .v4_bx         0x000000000800f2d8        0x0 linker stubs

.iplt           0x000000000800f2d8        0x0
 .iplt          0x000000000800f2d8        0x0 c:/stm32_tools/stm32cubeide_1.5.1/stm32cubeide/plugins/com.st.stm32cube.ide.mcu.externaltools.gnu-tools-for-stm32.9-2020-q2-update.win32_1.5.0.202011040924/tools/bin/../lib/gcc/arm-none-eabi/9.3.1/thumb/v7e-m+fp/hard/crtbegin.o

.rodata         0x000000000800f2d8      0x9f4
                0x000000000800f2d8                . = ALIGN (0x4)
 *(.rodata)
 *(.rodata*)
 .rodata._ZTV7RC_rate
                0x000000000800f2d8       0x10 Core/Src/RCrate.o
                0x000000000800f2d8                vtable for RC_rate
 .rodata._ZTV6filter
                0x000000000800f2e8       0x10 Core/Src/filter.o
                0x000000000800f2e8                vtable for filter
 .rodata._ZTV3Pid
                0x000000000800f2f8       0x10 Core/Src/pid.o
                0x000000000800f2f8                vtable for Pid
 .rodata.AHBPrescTable
                0x000000000800f308       0x10 Core/Src/system_stm32f3xx.o
                0x000000000800f308                AHBPrescTable
 .rodata.APBPrescTable
                0x000000000800f318        0x8 Core/Src/system_stm32f3xx.o
                0x000000000800f318                APBPrescTable
 .rodata.aPLLMULFactorTable
                0x000000000800f320       0x10 Drivers/STM32F3xx_HAL_Driver/Src/stm32f3xx_hal_rcc.o
                0x000000000800f320                aPLLMULFactorTable
 .rodata.aPredivFactorTable
                0x000000000800f330       0x10 Drivers/STM32F3xx_HAL_Driver/Src/stm32f3xx_hal_rcc.o
                0x000000000800f330                aPredivFactorTable
 .rodata.asin.str1.1
                0x000000000800f340        0x0 c:/stm32_tools/stm32cubeide_1.5.1/stm32cubeide/plugins/com.st.stm32cube.ide.mcu.externaltools.gnu-tools-for-stm32.9-2020-q2-update.win32_1.5.0.202011040924/tools/bin/../lib/gcc/arm-none-eabi/9.3.1/../../../../arm-none-eabi/lib/thumb/v7e-m+fp/hard\libm.a(lib_a-w_asin.o)
                                          0x1 (size before relaxing)
 .rodata.npio2_hw
                0x000000000800f340       0x80 c:/stm32_tools/stm32cubeide_1.5.1/stm32cubeide/plugins/com.st.stm32cube.ide.mcu.externaltools.gnu-tools-for-stm32.9-2020-q2-update.win32_1.5.0.202011040924/tools/bin/../lib/gcc/arm-none-eabi/9.3.1/../../../../arm-none-eabi/lib/thumb/v7e-m+fp/hard\libm.a(lib_a-e_rem_pio2.o)
 .rodata.two_over_pi
                0x000000000800f3c0      0x108 c:/stm32_tools/stm32cubeide_1.5.1/stm32cubeide/plugins/com.st.stm32cube.ide.mcu.externaltools.gnu-tools-for-stm32.9-2020-q2-update.win32_1.5.0.202011040924/tools/bin/../lib/gcc/arm-none-eabi/9.3.1/../../../../arm-none-eabi/lib/thumb/v7e-m+fp/hard\libm.a(lib_a-e_rem_pio2.o)
 .rodata.npio2_hw
                0x000000000800f4c8       0x80 c:/stm32_tools/stm32cubeide_1.5.1/stm32cubeide/plugins/com.st.stm32cube.ide.mcu.externaltools.gnu-tools-for-stm32.9-2020-q2-update.win32_1.5.0.202011040924/tools/bin/../lib/gcc/arm-none-eabi/9.3.1/../../../../arm-none-eabi/lib/thumb/v7e-m+fp/hard\libm.a(lib_a-ef_rem_pio2.o)
 .rodata.two_over_pi
                0x000000000800f548      0x318 c:/stm32_tools/stm32cubeide_1.5.1/stm32cubeide/plugins/com.st.stm32cube.ide.mcu.externaltools.gnu-tools-for-stm32.9-2020-q2-update.win32_1.5.0.202011040924/tools/bin/../lib/gcc/arm-none-eabi/9.3.1/../../../../arm-none-eabi/lib/thumb/v7e-m+fp/hard\libm.a(lib_a-ef_rem_pio2.o)
 .rodata.PIo2   0x000000000800f860       0x40 c:/stm32_tools/stm32cubeide_1.5.1/stm32cubeide/plugins/com.st.stm32cube.ide.mcu.externaltools.gnu-tools-for-stm32.9-2020-q2-update.win32_1.5.0.202011040924/tools/bin/../lib/gcc/arm-none-eabi/9.3.1/../../../../arm-none-eabi/lib/thumb/v7e-m+fp/hard\libm.a(lib_a-k_rem_pio2.o)
 .rodata.init_jk
                0x000000000800f8a0       0x10 c:/stm32_tools/stm32cubeide_1.5.1/stm32cubeide/plugins/com.st.stm32cube.ide.mcu.externaltools.gnu-tools-for-stm32.9-2020-q2-update.win32_1.5.0.202011040924/tools/bin/../lib/gcc/arm-none-eabi/9.3.1/../../../../arm-none-eabi/lib/thumb/v7e-m+fp/hard\libm.a(lib_a-k_rem_pio2.o)
 .rodata.PIo2   0x000000000800f8b0       0x2c c:/stm32_tools/stm32cubeide_1.5.1/stm32cubeide/plugins/com.st.stm32cube.ide.mcu.externaltools.gnu-tools-for-stm32.9-2020-q2-update.win32_1.5.0.202011040924/tools/bin/../lib/gcc/arm-none-eabi/9.3.1/../../../../arm-none-eabi/lib/thumb/v7e-m+fp/hard\libm.a(lib_a-kf_rem_pio2.o)
 .rodata.init_jk