main.cpp:184:5:int main()	24	static
main.cpp:624:6:void SystemClock_Config()	128	static
main.cpp:671:13:void MX_ADC2_Init()	32	static
main.cpp:726:13:void MX_I2C1_Init()	8	static
main.cpp:772:13:void MX_SPI2_Init()	8	static
main.cpp:812:13:void MX_TIM2_Init()	40	static
main.cpp:860:13:void MX_TIM4_Init()	48	static
main.cpp:925:13:void MX_TIM16_Init()	80	static
main.cpp:989:13:void MX_TIM17_Init()	80	static
main.cpp:1053:13:void MX_USART2_UART_Init()	8	static
main.cpp:1088:13:void MX_GPIO_Init()	48	static
main.cpp:1134:1:int __io_putchar(int)	16	static
main.cpp:1143:5:int _write(int, char*, int)	32	static
main.cpp:1154:7:void writeToEEPROM(uint32_t, uint32_t)	24	static
main.cpp:1178:11:uint32_t readFromEEPROM(uint32_t)	16	static
main.cpp:1191:6:void Error_Handler()	4	static
main.cpp:1197:1:void __static_initialization_and_destruction_0(int, int)	16	static
main.cpp:1197:1:cpp)	8	static
main.cpp:1197:1:cpp)	8	static
